
Discarded input sections

 .group         0x00000000        0xc /tmp/ccs61K5b.o
 .group         0x00000000        0xc /tmp/ccs61K5b.o
 .group         0x00000000        0xc /tmp/ccs61K5b.o
 .group         0x00000000        0xc /tmp/ccs61K5b.o
 .group         0x00000000        0xc /tmp/ccs61K5b.o
 .group         0x00000000        0xc /tmp/ccs61K5b.o
 .group         0x00000000        0xc /tmp/ccs61K5b.o
 .group         0x00000000        0xc /tmp/ccs61K5b.o
 .group         0x00000000        0xc /tmp/ccs61K5b.o
 .group         0x00000000        0xc /tmp/ccs61K5b.o
 .group         0x00000000        0xc /tmp/ccs61K5b.o
 .group         0x00000000        0xc /tmp/ccs61K5b.o
 .group         0x00000000        0xc /tmp/ccs61K5b.o
 .group         0x00000000        0xc /tmp/ccs61K5b.o
 .group         0x00000000        0xc /tmp/ccs61K5b.o
 .group         0x00000000        0xc /tmp/ccs61K5b.o
 .group         0x00000000        0xc /tmp/ccs61K5b.o
 .group         0x00000000        0xc /tmp/ccs61K5b.o
 .group         0x00000000        0xc /tmp/ccs61K5b.o
 .group         0x00000000        0xc /tmp/ccs61K5b.o
 .group         0x00000000        0xc /tmp/ccs61K5b.o
 .group         0x00000000        0xc /tmp/ccs61K5b.o
 .text          0x00000000        0x0 /tmp/ccs61K5b.o
 .data          0x00000000        0x0 /tmp/ccs61K5b.o
 .bss           0x00000000        0x0 /tmp/ccs61K5b.o
 .text          0x00000000        0x0 /tmp/cc5AFUDW.o
 .data          0x00000000        0x0 /tmp/cc5AFUDW.o
 .bss           0x00000000        0x0 /tmp/cc5AFUDW.o

Memory Configuration

Name             Origin             Length             Attributes
FLASH            0x08000000         0x00080000         xr
RAM              0x20000000         0x00020000         xrw
*default*        0x00000000         0xffffffff

Linker script and memory map

LOAD /tmp/ccs61K5b.o
LOAD /tmp/cc5AFUDW.o
                0x20020000                        _estack = (ORIGIN (RAM) + LENGTH (RAM))
                0x00000200                        _Min_Heap_Size = 0x200
                0x00000400                        _Min_Stack_Size = 0x400

.isr_vector     0x08000000      0x1a8
                0x08000000                        . = ALIGN (0x4)
 *(.isr_vector)
 .isr_vector    0x08000000      0x1a8 /tmp/cc5AFUDW.o
                0x08000000                g_pfnVectors
                0x080001a8                        . = ALIGN (0x4)

.text           0x080001a8       0xc8
                0x080001a8                        . = ALIGN (0x4)
 *(.text)
 *(.text*)
 .text.main     0x080001a8       0x7c /tmp/ccs61K5b.o
                0x080001a8                main
 .text.Reset_Handler
                0x08000224       0x48 /tmp/cc5AFUDW.o
                0x08000224                Reset_Handler
 .text.Default_Handler
                0x0800026c        0x4 /tmp/cc5AFUDW.o
                0x0800026c                DebugMon_Handler
                0x0800026c                HardFault_Handler
                0x0800026c                SysTick_Handler
                0x0800026c                PendSV_Handler
                0x0800026c                NMI_Handler
                0x0800026c                UsageFault_Handler
                0x0800026c                Default_Handler
                0x0800026c                MemManage_Handler
                0x0800026c                SVC_Handler
                0x0800026c                BusFault_Handler
 *(.rodata)
 *(.rodata*)
                0x08000270                        . = ALIGN (0x4)
                0x08000270                        _etext = .
                0x08000270                        _sidata = LOADADDR (.data)

.glue_7         0x08000270        0x0
 .glue_7        0x08000270        0x0 linker stubs

.glue_7t        0x08000270        0x0
 .glue_7t       0x08000270        0x0 linker stubs

.vfp11_veneer   0x08000270        0x0
 .vfp11_veneer  0x08000270        0x0 linker stubs

.v4_bx          0x08000270        0x0
 .v4_bx         0x08000270        0x0 linker stubs

.iplt           0x08000270        0x0
 .iplt          0x08000270        0x0 /tmp/cc5AFUDW.o

.rel.dyn        0x08000270        0x0
 .rel.iplt      0x08000270        0x0 /tmp/cc5AFUDW.o

.data           0x20000000        0x0 load address 0x08000270
                0x20000000                        . = ALIGN (0x4)
                0x20000000                        _sdata = .
 *(.data)
 *(.data*)
                0x20000000                        . = ALIGN (0x4)
                0x20000000                        _edata = .

.igot.plt       0x20000000        0x0 load address 0x08000270
 .igot.plt      0x20000000        0x0 /tmp/cc5AFUDW.o

.bss            0x20000000        0x0 load address 0x08000270
                0x20000000                        . = ALIGN (0x4)
                0x20000000                        _sbss = .
 *(.bss)
 *(.bss*)
 *(COMMON)
                0x20000000                        . = ALIGN (0x4)
                0x20000000                        _ebss = .

._user_heap_stack
                0x20000000      0x600 load address 0x08000270
                0x20000000                        . = ALIGN (0x8)
                0x20000200                        . = (. + _Min_Heap_Size)
 *fill*         0x20000000      0x200 
                0x20000600                        . = (. + _Min_Stack_Size)
 *fill*         0x20000200      0x400 
                0x20000600                        . = ALIGN (0x8)
OUTPUT(blink.elf elf32-littlearm)
LOAD linker stubs

.debug_info     0x00000000      0x16d
 .debug_info    0x00000000       0xc4 /tmp/ccs61K5b.o
 .debug_info    0x000000c4       0xa9 /tmp/cc5AFUDW.o

.debug_abbrev   0x00000000       0x90
 .debug_abbrev  0x00000000       0x6c /tmp/ccs61K5b.o
 .debug_abbrev  0x0000006c       0x24 /tmp/cc5AFUDW.o

.debug_aranges  0x00000000       0x48
 .debug_aranges
                0x00000000       0x20 /tmp/ccs61K5b.o
 .debug_aranges
                0x00000020       0x28 /tmp/cc5AFUDW.o

.debug_rnglists
                0x00000000       0x2c
 .debug_rnglists
                0x00000000       0x13 /tmp/ccs61K5b.o
 .debug_rnglists
                0x00000013       0x19 /tmp/cc5AFUDW.o

.debug_macro    0x00000000     0x17c7
 .debug_macro   0x00000000      0x14e /tmp/ccs61K5b.o
 .debug_macro   0x0000014e      0xaba /tmp/ccs61K5b.o
 .debug_macro   0x00000c08       0x22 /tmp/ccs61K5b.o
 .debug_macro   0x00000c2a       0x6e /tmp/ccs61K5b.o
 .debug_macro   0x00000c98       0x24 /tmp/ccs61K5b.o
 .debug_macro   0x00000cbc       0x94 /tmp/ccs61K5b.o
 .debug_macro   0x00000d50       0x3c /tmp/ccs61K5b.o
 .debug_macro   0x00000d8c       0x34 /tmp/ccs61K5b.o
 .debug_macro   0x00000dc0       0x16 /tmp/ccs61K5b.o
 .debug_macro   0x00000dd6       0x57 /tmp/ccs61K5b.o
 .debug_macro   0x00000e2d       0x9e /tmp/ccs61K5b.o
 .debug_macro   0x00000ecb      0x364 /tmp/ccs61K5b.o
 .debug_macro   0x0000122f      0x112 /tmp/ccs61K5b.o
 .debug_macro   0x00001341       0x10 /tmp/ccs61K5b.o
 .debug_macro   0x00001351       0x16 /tmp/ccs61K5b.o
 .debug_macro   0x00001367       0x4a /tmp/ccs61K5b.o
 .debug_macro   0x000013b1       0x34 /tmp/ccs61K5b.o
 .debug_macro   0x000013e5       0x10 /tmp/ccs61K5b.o
 .debug_macro   0x000013f5       0x58 /tmp/ccs61K5b.o
 .debug_macro   0x0000144d      0x1de /tmp/ccs61K5b.o
 .debug_macro   0x0000162b       0x16 /tmp/ccs61K5b.o
 .debug_macro   0x00001641       0x16 /tmp/ccs61K5b.o
 .debug_macro   0x00001657      0x170 /tmp/ccs61K5b.o

.debug_line     0x00000000      0x317
 .debug_line    0x00000000      0x2a6 /tmp/ccs61K5b.o
 .debug_line    0x000002a6       0x71 /tmp/cc5AFUDW.o

.debug_str      0x00000000     0x6883
 .debug_str     0x00000000     0x6883 /tmp/ccs61K5b.o
                               0x68bd (size before relaxing)
 .debug_str     0x00006883       0xfa /tmp/cc5AFUDW.o

.comment        0x00000000       0x43
 .comment       0x00000000       0x43 /tmp/ccs61K5b.o
                                 0x44 (size before relaxing)

.ARM.attributes
                0x00000000       0x2c
 .ARM.attributes
                0x00000000       0x2e /tmp/ccs61K5b.o
 .ARM.attributes
                0x0000002e       0x21 /tmp/cc5AFUDW.o

.debug_frame    0x00000000       0x2c
 .debug_frame   0x00000000       0x2c /tmp/ccs61K5b.o

.debug_line_str
                0x00000000       0x3e
 .debug_line_str
                0x00000000       0x3e /tmp/cc5AFUDW.o
