
Discarded input sections

 .group         0x0000000000000000        0xc /tmp/ccZLfAtD.o
 .group         0x0000000000000000        0xc /tmp/ccZLfAtD.o
 .group         0x0000000000000000        0xc /tmp/ccZLfAtD.o
 .group         0x0000000000000000        0xc /tmp/ccZLfAtD.o
 .group         0x0000000000000000        0xc /tmp/ccZLfAtD.o
 .group         0x0000000000000000        0xc /tmp/ccZLfAtD.o
 .group         0x0000000000000000        0xc /tmp/ccZLfAtD.o
 .group         0x0000000000000000        0xc /tmp/ccZLfAtD.o
 .group         0x0000000000000000        0xc /tmp/ccZLfAtD.o
 .group         0x0000000000000000        0xc /tmp/ccZLfAtD.o
 .group         0x0000000000000000        0xc /tmp/ccZLfAtD.o
 .group         0x0000000000000000        0xc /tmp/ccZLfAtD.o
 .group         0x0000000000000000        0xc /tmp/ccZLfAtD.o
 .group         0x0000000000000000        0xc /tmp/ccZLfAtD.o
 .group         0x0000000000000000        0xc /tmp/ccZLfAtD.o
 .group         0x0000000000000000        0xc /tmp/ccZLfAtD.o
 .group         0x0000000000000000        0xc /tmp/ccZLfAtD.o
 .group         0x0000000000000000        0xc /tmp/ccZLfAtD.o
 .group         0x0000000000000000        0xc /tmp/ccZLfAtD.o
 .group         0x0000000000000000        0xc /tmp/ccZLfAtD.o
 .group         0x0000000000000000        0xc /tmp/ccZLfAtD.o
 .group         0x0000000000000000        0xc /tmp/ccZLfAtD.o
 .group         0x0000000000000000        0xc /tmp/ccZLfAtD.o
 .group         0x0000000000000000        0xc /tmp/ccZLfAtD.o
 .group         0x0000000000000000        0xc /tmp/ccZLfAtD.o
 .group         0x0000000000000000        0xc /tmp/ccZLfAtD.o
 .group         0x0000000000000000        0xc /tmp/ccZLfAtD.o
 .group         0x0000000000000000        0xc /tmp/ccZLfAtD.o
 .group         0x0000000000000000        0xc /tmp/ccZLfAtD.o
 .group         0x0000000000000000        0xc /tmp/ccZLfAtD.o
 .group         0x0000000000000000        0xc /tmp/ccZLfAtD.o
 .group         0x0000000000000000        0xc /tmp/ccZLfAtD.o
 .group         0x0000000000000000        0xc /tmp/ccZLfAtD.o
 .group         0x0000000000000000        0xc /tmp/ccZLfAtD.o
 .text          0x0000000000000000        0x0 /tmp/ccZLfAtD.o
 .data          0x0000000000000000        0x0 /tmp/ccZLfAtD.o
 .bss           0x0000000000000000        0x0 /tmp/ccZLfAtD.o
 .group         0x0000000000000000        0xc /tmp/cc3VrWDO.o
 .group         0x0000000000000000        0xc /tmp/cc3VrWDO.o
 .group         0x0000000000000000        0xc /tmp/cc3VrWDO.o
 .group         0x0000000000000000        0xc /tmp/cc3VrWDO.o
 .group         0x0000000000000000        0xc /tmp/cc3VrWDO.o
 .group         0x0000000000000000        0xc /tmp/cc3VrWDO.o
 .group         0x0000000000000000        0xc /tmp/cc3VrWDO.o
 .group         0x0000000000000000        0xc /tmp/cc3VrWDO.o
 .group         0x0000000000000000        0xc /tmp/cc3VrWDO.o
 .group         0x0000000000000000        0xc /tmp/cc3VrWDO.o
 .group         0x0000000000000000        0xc /tmp/cc3VrWDO.o
 .group         0x0000000000000000        0xc /tmp/cc3VrWDO.o
 .group         0x0000000000000000        0xc /tmp/cc3VrWDO.o
 .group         0x0000000000000000        0xc /tmp/cc3VrWDO.o
 .group         0x0000000000000000        0xc /tmp/cc3VrWDO.o
 .group         0x0000000000000000        0xc /tmp/cc3VrWDO.o
 .group         0x0000000000000000        0xc /tmp/cc3VrWDO.o
 .group         0x0000000000000000        0xc /tmp/cc3VrWDO.o
 .group         0x0000000000000000        0xc /tmp/cc3VrWDO.o
 .group         0x0000000000000000        0xc /tmp/cc3VrWDO.o
 .group         0x0000000000000000        0xc /tmp/cc3VrWDO.o
 .group         0x0000000000000000        0xc /tmp/cc3VrWDO.o
 .group         0x0000000000000000        0xc /tmp/cc3VrWDO.o
 .group         0x0000000000000000        0xc /tmp/cc3VrWDO.o
 .group         0x0000000000000000        0xc /tmp/cc3VrWDO.o
 .group         0x0000000000000000        0xc /tmp/cc3VrWDO.o
 .group         0x0000000000000000        0xc /tmp/cc3VrWDO.o
 .group         0x0000000000000000        0xc /tmp/cc3VrWDO.o
 .group         0x0000000000000000        0xc /tmp/cc3VrWDO.o
 .group         0x0000000000000000        0xc /tmp/cc3VrWDO.o
 .group         0x0000000000000000        0xc /tmp/cc3VrWDO.o
 .group         0x0000000000000000        0xc /tmp/cc3VrWDO.o
 .group         0x0000000000000000        0xc /tmp/cc3VrWDO.o
 .group         0x0000000000000000        0xc /tmp/cc3VrWDO.o
 .text          0x0000000000000000        0x0 /tmp/cc3VrWDO.o
 .data          0x0000000000000000        0x0 /tmp/cc3VrWDO.o
 .bss           0x0000000000000000        0x0 /tmp/cc3VrWDO.o
 .debug_macro   0x0000000000000000      0xa5a /tmp/cc3VrWDO.o
 .debug_macro   0x0000000000000000       0x22 /tmp/cc3VrWDO.o
 .debug_macro   0x0000000000000000      0x34e /tmp/cc3VrWDO.o
 .debug_macro   0x0000000000000000       0x22 /tmp/cc3VrWDO.o
 .debug_macro   0x0000000000000000       0x5e /tmp/cc3VrWDO.o
 .debug_macro   0x0000000000000000       0x18 /tmp/cc3VrWDO.o
 .debug_macro   0x0000000000000000       0x94 /tmp/cc3VrWDO.o
 .debug_macro   0x0000000000000000       0x35 /tmp/cc3VrWDO.o
 .debug_macro   0x0000000000000000       0x34 /tmp/cc3VrWDO.o
 .debug_macro   0x0000000000000000       0x16 /tmp/cc3VrWDO.o
 .debug_macro   0x0000000000000000       0x57 /tmp/cc3VrWDO.o
 .debug_macro   0x0000000000000000       0x97 /tmp/cc3VrWDO.o
 .debug_macro   0x0000000000000000      0x341 /tmp/cc3VrWDO.o
 .debug_macro   0x0000000000000000       0xfd /tmp/cc3VrWDO.o
 .debug_macro   0x0000000000000000       0x10 /tmp/cc3VrWDO.o
 .debug_macro   0x0000000000000000       0x16 /tmp/cc3VrWDO.o
 .debug_macro   0x0000000000000000       0x43 /tmp/cc3VrWDO.o
 .debug_macro   0x0000000000000000       0x34 /tmp/cc3VrWDO.o
 .debug_macro   0x0000000000000000       0x10 /tmp/cc3VrWDO.o
 .debug_macro   0x0000000000000000       0x58 /tmp/cc3VrWDO.o
 .debug_macro   0x0000000000000000      0x182 /tmp/cc3VrWDO.o
 .debug_macro   0x0000000000000000       0x10 /tmp/cc3VrWDO.o
 .debug_macro   0x0000000000000000       0x6a /tmp/cc3VrWDO.o
 .debug_macro   0x0000000000000000       0x1c /tmp/cc3VrWDO.o
 .debug_macro   0x0000000000000000       0x52 /tmp/cc3VrWDO.o
 .debug_macro   0x0000000000000000       0x22 /tmp/cc3VrWDO.o
 .debug_macro   0x0000000000000000       0x10 /tmp/cc3VrWDO.o
 .debug_macro   0x0000000000000000       0x52 /tmp/cc3VrWDO.o
 .debug_macro   0x0000000000000000       0xd5 /tmp/cc3VrWDO.o
 .debug_macro   0x0000000000000000       0x1c /tmp/cc3VrWDO.o
 .debug_macro   0x0000000000000000       0x3d /tmp/cc3VrWDO.o
 .debug_macro   0x0000000000000000       0x16 /tmp/cc3VrWDO.o
 .debug_macro   0x0000000000000000      0x16f /tmp/cc3VrWDO.o
 .debug_macro   0x0000000000000000       0x58 /tmp/cc3VrWDO.o

Memory Configuration

Name             Origin             Length             Attributes
FLASH            0x0000000008000000 0x0000000000080000 xr
SRAM             0x0000000020000000 0x0000000000020000 xrw
*default*        0x0000000000000000 0xffffffffffffffff

Linker script and memory map

LOAD /tmp/ccZLfAtD.o
LOAD /tmp/cc3VrWDO.o
                0x0000000020020000                _estack = (ORIGIN (SRAM) + LENGTH (SRAM))

.isr_vector     0x0000000008000000      0x1ac
                0x0000000008000000                . = ALIGN (0x4)
 *(.isr_vector)
 .isr_vector    0x0000000008000000      0x1ac /tmp/ccZLfAtD.o
                0x0000000008000000                tab
                0x00000000080001ac                . = ALIGN (0x4)

.text           0x00000000080001ac      0x190
                0x00000000080001ac                . = ALIGN (0x4)
 *(.text)
 *(.text*)
 .text.main     0x00000000080001ac       0x12 /tmp/ccZLfAtD.o
                0x00000000080001ac                main
 *fill*         0x00000000080001be        0x2 
 .text.Reset_Handler
                0x00000000080001c0       0x44 /tmp/ccZLfAtD.o
                0x00000000080001c0                Reset_Handler
 .text.gpio_write
                0x0000000008000204       0x46 /tmp/cc3VrWDO.o
                0x0000000008000204                gpio_write
 .text.spin     0x000000000800024a       0x20 /tmp/cc3VrWDO.o
                0x000000000800024a                spin
 .text.gpio_set_mode
                0x000000000800026a       0x60 /tmp/cc3VrWDO.o
                0x000000000800026a                gpio_set_mode
 *fill*         0x00000000080002ca        0x2 
 .text.blinkled
                0x00000000080002cc       0x70 /tmp/cc3VrWDO.o
                0x00000000080002cc                blinkled
 *(.rodata)
 *(.rodata*)
                0x000000000800033c                . = ALIGN (0x4)
                0x000000000800033c                _etext = .
                0x000000000800033c                _sidata = LOADADDR (.data)

.glue_7         0x000000000800033c        0x0
 .glue_7        0x000000000800033c        0x0 linker stubs

.glue_7t        0x000000000800033c        0x0
 .glue_7t       0x000000000800033c        0x0 linker stubs

.vfp11_veneer   0x000000000800033c        0x0
 .vfp11_veneer  0x000000000800033c        0x0 linker stubs

.v4_bx          0x000000000800033c        0x0
 .v4_bx         0x000000000800033c        0x0 linker stubs

.iplt           0x000000000800033c        0x0
 .iplt          0x000000000800033c        0x0 /tmp/ccZLfAtD.o

.rel.dyn        0x000000000800033c        0x0
 .rel.iplt      0x000000000800033c        0x0 /tmp/ccZLfAtD.o

.data           0x0000000020000000        0x0 load address 0x000000000800033c
                0x0000000020000000                . = ALIGN (0x4)
                0x0000000020000000                _sdata = .
 *(.data)
 *(.data*)
                0x0000000020000000                . = ALIGN (0x4)
                0x0000000020000000                _edata = .

.igot.plt       0x0000000020000000        0x0 load address 0x000000000800033c
 .igot.plt      0x0000000020000000        0x0 /tmp/ccZLfAtD.o

.bss            0x0000000020000000        0x0 load address 0x000000000800033c
                0x0000000020000000                . = ALIGN (0x4)
                0x0000000020000000                _sbss = .
 *(.bss)
 *(.bss*)
 *(COMMON)
                0x0000000020000000                . = ALIGN (0x4)
                0x0000000020000000                _ebss = .
                0x0000000020000000                . = ALIGN (0x8)
                0x0000000020000000                end = .
OUTPUT(blink.elf elf32-littlearm)
LOAD linker stubs

.debug_info     0x0000000000000000      0x57a
 .debug_info    0x0000000000000000      0x185 /tmp/ccZLfAtD.o
 .debug_info    0x0000000000000185      0x3f5 /tmp/cc3VrWDO.o

.debug_abbrev   0x0000000000000000      0x21b
 .debug_abbrev  0x0000000000000000       0xf6 /tmp/ccZLfAtD.o
 .debug_abbrev  0x00000000000000f6      0x125 /tmp/cc3VrWDO.o

.debug_aranges  0x0000000000000000       0x60
 .debug_aranges
                0x0000000000000000       0x28 /tmp/ccZLfAtD.o
 .debug_aranges
                0x0000000000000028       0x38 /tmp/cc3VrWDO.o

.debug_ranges   0x0000000000000000       0x40
 .debug_ranges  0x0000000000000000       0x18 /tmp/ccZLfAtD.o
 .debug_ranges  0x0000000000000018       0x28 /tmp/cc3VrWDO.o

.debug_macro    0x0000000000000000     0x1f31
 .debug_macro   0x0000000000000000      0x1c9 /tmp/ccZLfAtD.o
 .debug_macro   0x00000000000001c9      0xa5a /tmp/ccZLfAtD.o
 .debug_macro   0x0000000000000c23       0x22 /tmp/ccZLfAtD.o
 .debug_macro   0x0000000000000c45      0x34e /tmp/ccZLfAtD.o
 .debug_macro   0x0000000000000f93       0x22 /tmp/ccZLfAtD.o
 .debug_macro   0x0000000000000fb5       0x5e /tmp/ccZLfAtD.o
 .debug_macro   0x0000000000001013       0x18 /tmp/ccZLfAtD.o
 .debug_macro   0x000000000000102b       0x94 /tmp/ccZLfAtD.o
 .debug_macro   0x00000000000010bf       0x35 /tmp/ccZLfAtD.o
 .debug_macro   0x00000000000010f4       0x34 /tmp/ccZLfAtD.o
 .debug_macro   0x0000000000001128       0x16 /tmp/ccZLfAtD.o
 .debug_macro   0x000000000000113e       0x57 /tmp/ccZLfAtD.o
 .debug_macro   0x0000000000001195       0x97 /tmp/ccZLfAtD.o
 .debug_macro   0x000000000000122c      0x341 /tmp/ccZLfAtD.o
 .debug_macro   0x000000000000156d       0xfd /tmp/ccZLfAtD.o
 .debug_macro   0x000000000000166a       0x10 /tmp/ccZLfAtD.o
 .debug_macro   0x000000000000167a       0x16 /tmp/ccZLfAtD.o
 .debug_macro   0x0000000000001690       0x43 /tmp/ccZLfAtD.o
 .debug_macro   0x00000000000016d3       0x34 /tmp/ccZLfAtD.o
 .debug_macro   0x0000000000001707       0x10 /tmp/ccZLfAtD.o
 .debug_macro   0x0000000000001717       0x58 /tmp/ccZLfAtD.o
 .debug_macro   0x000000000000176f      0x182 /tmp/ccZLfAtD.o
 .debug_macro   0x00000000000018f1       0x10 /tmp/ccZLfAtD.o
 .debug_macro   0x0000000000001901       0x6a /tmp/ccZLfAtD.o
 .debug_macro   0x000000000000196b       0x1c /tmp/ccZLfAtD.o
 .debug_macro   0x0000000000001987       0x52 /tmp/ccZLfAtD.o
 .debug_macro   0x00000000000019d9       0x22 /tmp/ccZLfAtD.o
 .debug_macro   0x00000000000019fb       0x10 /tmp/ccZLfAtD.o
 .debug_macro   0x0000000000001a0b       0x52 /tmp/ccZLfAtD.o
 .debug_macro   0x0000000000001a5d       0xd5 /tmp/ccZLfAtD.o
 .debug_macro   0x0000000000001b32       0x1c /tmp/ccZLfAtD.o
 .debug_macro   0x0000000000001b4e       0x3d /tmp/ccZLfAtD.o
 .debug_macro   0x0000000000001b8b       0x16 /tmp/ccZLfAtD.o
 .debug_macro   0x0000000000001ba1      0x16f /tmp/ccZLfAtD.o
 .debug_macro   0x0000000000001d10       0x58 /tmp/ccZLfAtD.o
 .debug_macro   0x0000000000001d68      0x1c9 /tmp/cc3VrWDO.o

.debug_line     0x0000000000000000      0x79e
 .debug_line    0x0000000000000000      0x393 /tmp/ccZLfAtD.o
 .debug_line    0x0000000000000393      0x40b /tmp/cc3VrWDO.o

.debug_str      0x0000000000000000     0x78e1
 .debug_str     0x0000000000000000     0x776f /tmp/ccZLfAtD.o
                                       0x79a1 (size before relaxing)
 .debug_str     0x000000000000776f      0x172 /tmp/cc3VrWDO.o
                                       0x7aa4 (size before relaxing)

.comment        0x0000000000000000       0x49
 .comment       0x0000000000000000       0x49 /tmp/ccZLfAtD.o
                                         0x4a (size before relaxing)
 .comment       0x0000000000000049       0x4a /tmp/cc3VrWDO.o

.ARM.attributes
                0x0000000000000000       0x2e
 .ARM.attributes
                0x0000000000000000       0x2e /tmp/ccZLfAtD.o
 .ARM.attributes
                0x000000000000002e       0x2e /tmp/cc3VrWDO.o

.debug_frame    0x0000000000000000       0xe4
 .debug_frame   0x0000000000000000       0x3c /tmp/ccZLfAtD.o
 .debug_frame   0x000000000000003c       0xa8 /tmp/cc3VrWDO.o
