
Discarded input sections

 .group         0x00000000        0xc /tmp/cc4dB0rb.o
 .group         0x00000000        0xc /tmp/cc4dB0rb.o
 .group         0x00000000        0xc /tmp/cc4dB0rb.o
 .group         0x00000000        0xc /tmp/cc4dB0rb.o
 .group         0x00000000        0xc /tmp/cc4dB0rb.o
 .group         0x00000000        0xc /tmp/cc4dB0rb.o
 .group         0x00000000        0xc /tmp/cc4dB0rb.o
 .group         0x00000000        0xc /tmp/cc4dB0rb.o
 .group         0x00000000        0xc /tmp/cc4dB0rb.o
 .group         0x00000000        0xc /tmp/cc4dB0rb.o
 .group         0x00000000        0xc /tmp/cc4dB0rb.o
 .group         0x00000000        0xc /tmp/cc4dB0rb.o
 .group         0x00000000        0xc /tmp/cc4dB0rb.o
 .group         0x00000000        0xc /tmp/cc4dB0rb.o
 .group         0x00000000        0xc /tmp/cc4dB0rb.o
 .group         0x00000000        0xc /tmp/cc4dB0rb.o
 .group         0x00000000        0xc /tmp/cc4dB0rb.o
 .group         0x00000000        0xc /tmp/cc4dB0rb.o
 .group         0x00000000        0xc /tmp/cc4dB0rb.o
 .group         0x00000000        0xc /tmp/cc4dB0rb.o
 .group         0x00000000        0xc /tmp/cc4dB0rb.o
 .group         0x00000000        0xc /tmp/cc4dB0rb.o
 .group         0x00000000        0xc /tmp/cc4dB0rb.o
 .group         0x00000000        0xc /tmp/cc4dB0rb.o
 .group         0x00000000        0xc /tmp/cc4dB0rb.o
 .group         0x00000000        0xc /tmp/cc4dB0rb.o
 .group         0x00000000        0xc /tmp/cc4dB0rb.o
 .group         0x00000000        0xc /tmp/cc4dB0rb.o
 .group         0x00000000        0xc /tmp/cc4dB0rb.o
 .group         0x00000000        0xc /tmp/cc4dB0rb.o
 .group         0x00000000        0xc /tmp/cc4dB0rb.o
 .group         0x00000000        0xc /tmp/cc4dB0rb.o
 .group         0x00000000        0xc /tmp/cc4dB0rb.o
 .group         0x00000000        0xc /tmp/cc4dB0rb.o
 .group         0x00000000        0xc /tmp/cc4dB0rb.o
 .group         0x00000000        0xc /tmp/cc4dB0rb.o
 .group         0x00000000        0xc /tmp/cc4dB0rb.o
 .group         0x00000000        0xc /tmp/cc4dB0rb.o
 .text          0x00000000        0x0 /tmp/cc4dB0rb.o
 .data          0x00000000        0x0 /tmp/cc4dB0rb.o
 .bss           0x00000000        0x0 /tmp/cc4dB0rb.o
 .text          0x00000000        0x0 /tmp/cctNc6Am.o
 .data          0x00000000        0x0 /tmp/cctNc6Am.o
 .bss           0x00000000        0x0 /tmp/cctNc6Am.o
 .group         0x00000000        0xc /tmp/cceMxAin.o
 .group         0x00000000        0xc /tmp/cceMxAin.o
 .group         0x00000000        0xc /tmp/cceMxAin.o
 .group         0x00000000        0xc /tmp/cceMxAin.o
 .group         0x00000000        0xc /tmp/cceMxAin.o
 .group         0x00000000        0xc /tmp/cceMxAin.o
 .group         0x00000000        0xc /tmp/cceMxAin.o
 .group         0x00000000        0xc /tmp/cceMxAin.o
 .group         0x00000000        0xc /tmp/cceMxAin.o
 .group         0x00000000        0xc /tmp/cceMxAin.o
 .group         0x00000000        0xc /tmp/cceMxAin.o
 .group         0x00000000        0xc /tmp/cceMxAin.o
 .group         0x00000000        0xc /tmp/cceMxAin.o
 .group         0x00000000        0xc /tmp/cceMxAin.o
 .group         0x00000000        0xc /tmp/cceMxAin.o
 .group         0x00000000        0xc /tmp/cceMxAin.o
 .group         0x00000000        0xc /tmp/cceMxAin.o
 .group         0x00000000        0xc /tmp/cceMxAin.o
 .group         0x00000000        0xc /tmp/cceMxAin.o
 .group         0x00000000        0xc /tmp/cceMxAin.o
 .group         0x00000000        0xc /tmp/cceMxAin.o
 .group         0x00000000        0xc /tmp/cceMxAin.o
 .group         0x00000000        0xc /tmp/cceMxAin.o
 .group         0x00000000        0xc /tmp/cceMxAin.o
 .group         0x00000000        0xc /tmp/cceMxAin.o
 .group         0x00000000        0xc /tmp/cceMxAin.o
 .group         0x00000000        0xc /tmp/cceMxAin.o
 .group         0x00000000        0xc /tmp/cceMxAin.o
 .group         0x00000000        0xc /tmp/cceMxAin.o
 .group         0x00000000        0xc /tmp/cceMxAin.o
 .group         0x00000000        0xc /tmp/cceMxAin.o
 .group         0x00000000        0xc /tmp/cceMxAin.o
 .group         0x00000000        0xc /tmp/cceMxAin.o
 .group         0x00000000        0xc /tmp/cceMxAin.o
 .group         0x00000000        0xc /tmp/cceMxAin.o
 .group         0x00000000        0xc /tmp/cceMxAin.o
 .text          0x00000000        0x0 /tmp/cceMxAin.o
 .data          0x00000000        0x0 /tmp/cceMxAin.o
 .bss           0x00000000        0x0 /tmp/cceMxAin.o
 .debug_macro   0x00000000      0xac6 /tmp/cceMxAin.o
 .debug_macro   0x00000000       0x22 /tmp/cceMxAin.o
 .debug_macro   0x00000000      0x34e /tmp/cceMxAin.o
 .debug_macro   0x00000000       0x22 /tmp/cceMxAin.o
 .debug_macro   0x00000000       0x6e /tmp/cceMxAin.o
 .debug_macro   0x00000000       0x2a /tmp/cceMxAin.o
 .debug_macro   0x00000000       0x94 /tmp/cceMxAin.o
 .debug_macro   0x00000000       0x3c /tmp/cceMxAin.o
 .debug_macro   0x00000000       0x34 /tmp/cceMxAin.o
 .debug_macro   0x00000000       0x16 /tmp/cceMxAin.o
 .debug_macro   0x00000000       0x57 /tmp/cceMxAin.o
 .debug_macro   0x00000000       0x9e /tmp/cceMxAin.o
 .debug_macro   0x00000000      0x364 /tmp/cceMxAin.o
 .debug_macro   0x00000000      0x112 /tmp/cceMxAin.o
 .debug_macro   0x00000000       0x10 /tmp/cceMxAin.o
 .debug_macro   0x00000000       0x16 /tmp/cceMxAin.o
 .debug_macro   0x00000000       0x4a /tmp/cceMxAin.o
 .debug_macro   0x00000000       0x34 /tmp/cceMxAin.o
 .debug_macro   0x00000000       0x10 /tmp/cceMxAin.o
 .debug_macro   0x00000000       0x58 /tmp/cceMxAin.o
 .debug_macro   0x00000000      0x1de /tmp/cceMxAin.o
 .debug_macro   0x00000000       0x16 /tmp/cceMxAin.o
 .debug_macro   0x00000000       0x16 /tmp/cceMxAin.o
 .debug_macro   0x00000000      0x170 /tmp/cceMxAin.o
 .debug_macro   0x00000000       0x10 /tmp/cceMxAin.o
 .debug_macro   0x00000000       0x6a /tmp/cceMxAin.o
 .debug_macro   0x00000000       0x1c /tmp/cceMxAin.o
 .debug_macro   0x00000000       0x52 /tmp/cceMxAin.o
 .debug_macro   0x00000000       0x22 /tmp/cceMxAin.o
 .debug_macro   0x00000000       0x10 /tmp/cceMxAin.o
 .debug_macro   0x00000000       0x52 /tmp/cceMxAin.o
 .debug_macro   0x00000000       0xc1 /tmp/cceMxAin.o
 .debug_macro   0x00000000       0x1c /tmp/cceMxAin.o
 .debug_macro   0x00000000       0x3d /tmp/cceMxAin.o
 .debug_macro   0x00000000       0x1c /tmp/cceMxAin.o
 .debug_macro   0x00000000       0x40 /tmp/cceMxAin.o
 .group         0x00000000        0xc /tmp/ccJUi6E1.o
 .group         0x00000000        0xc /tmp/ccJUi6E1.o
 .group         0x00000000        0xc /tmp/ccJUi6E1.o
 .group         0x00000000        0xc /tmp/ccJUi6E1.o
 .group         0x00000000        0xc /tmp/ccJUi6E1.o
 .group         0x00000000        0xc /tmp/ccJUi6E1.o
 .group         0x00000000        0xc /tmp/ccJUi6E1.o
 .group         0x00000000        0xc /tmp/ccJUi6E1.o
 .group         0x00000000        0xc /tmp/ccJUi6E1.o
 .group         0x00000000        0xc /tmp/ccJUi6E1.o
 .group         0x00000000        0xc /tmp/ccJUi6E1.o
 .group         0x00000000        0xc /tmp/ccJUi6E1.o
 .group         0x00000000        0xc /tmp/ccJUi6E1.o
 .group         0x00000000        0xc /tmp/ccJUi6E1.o
 .group         0x00000000        0xc /tmp/ccJUi6E1.o
 .group         0x00000000        0xc /tmp/ccJUi6E1.o
 .group         0x00000000        0xc /tmp/ccJUi6E1.o
 .group         0x00000000        0xc /tmp/ccJUi6E1.o
 .group         0x00000000        0xc /tmp/ccJUi6E1.o
 .group         0x00000000        0xc /tmp/ccJUi6E1.o
 .group         0x00000000        0xc /tmp/ccJUi6E1.o
 .group         0x00000000        0xc /tmp/ccJUi6E1.o
 .group         0x00000000        0xc /tmp/ccJUi6E1.o
 .group         0x00000000        0xc /tmp/ccJUi6E1.o
 .group         0x00000000        0xc /tmp/ccJUi6E1.o
 .group         0x00000000        0xc /tmp/ccJUi6E1.o
 .group         0x00000000        0xc /tmp/ccJUi6E1.o
 .group         0x00000000        0xc /tmp/ccJUi6E1.o
 .group         0x00000000        0xc /tmp/ccJUi6E1.o
 .group         0x00000000        0xc /tmp/ccJUi6E1.o
 .group         0x00000000        0xc /tmp/ccJUi6E1.o
 .group         0x00000000        0xc /tmp/ccJUi6E1.o
 .group         0x00000000        0xc /tmp/ccJUi6E1.o
 .group         0x00000000        0xc /tmp/ccJUi6E1.o
 .group         0x00000000        0xc /tmp/ccJUi6E1.o
 .group         0x00000000        0xc /tmp/ccJUi6E1.o
 .group         0x00000000        0xc /tmp/ccJUi6E1.o
 .group         0x00000000        0xc /tmp/ccJUi6E1.o
 .text          0x00000000        0x0 /tmp/ccJUi6E1.o
 .data          0x00000000        0x0 /tmp/ccJUi6E1.o
 .bss           0x00000000        0x0 /tmp/ccJUi6E1.o
 .debug_macro   0x00000000      0xac6 /tmp/ccJUi6E1.o
 .debug_macro   0x00000000       0x22 /tmp/ccJUi6E1.o
 .debug_macro   0x00000000      0x34e /tmp/ccJUi6E1.o
 .debug_macro   0x00000000       0x22 /tmp/ccJUi6E1.o
 .debug_macro   0x00000000       0x6e /tmp/ccJUi6E1.o
 .debug_macro   0x00000000       0x2a /tmp/ccJUi6E1.o
 .debug_macro   0x00000000       0x94 /tmp/ccJUi6E1.o
 .debug_macro   0x00000000       0x3c /tmp/ccJUi6E1.o
 .debug_macro   0x00000000       0x34 /tmp/ccJUi6E1.o
 .debug_macro   0x00000000       0x16 /tmp/ccJUi6E1.o
 .debug_macro   0x00000000       0x57 /tmp/ccJUi6E1.o
 .debug_macro   0x00000000       0x9e /tmp/ccJUi6E1.o
 .debug_macro   0x00000000      0x364 /tmp/ccJUi6E1.o
 .debug_macro   0x00000000      0x112 /tmp/ccJUi6E1.o
 .debug_macro   0x00000000       0x10 /tmp/ccJUi6E1.o
 .debug_macro   0x00000000       0x16 /tmp/ccJUi6E1.o
 .debug_macro   0x00000000       0x4a /tmp/ccJUi6E1.o
 .debug_macro   0x00000000       0x34 /tmp/ccJUi6E1.o
 .debug_macro   0x00000000       0x10 /tmp/ccJUi6E1.o
 .debug_macro   0x00000000       0x58 /tmp/ccJUi6E1.o
 .debug_macro   0x00000000      0x1de /tmp/ccJUi6E1.o
 .debug_macro   0x00000000       0x16 /tmp/ccJUi6E1.o
 .debug_macro   0x00000000       0x16 /tmp/ccJUi6E1.o
 .debug_macro   0x00000000      0x170 /tmp/ccJUi6E1.o
 .debug_macro   0x00000000       0x10 /tmp/ccJUi6E1.o
 .debug_macro   0x00000000       0x6a /tmp/ccJUi6E1.o
 .debug_macro   0x00000000       0x1c /tmp/ccJUi6E1.o
 .debug_macro   0x00000000       0x52 /tmp/ccJUi6E1.o
 .debug_macro   0x00000000       0x22 /tmp/ccJUi6E1.o
 .debug_macro   0x00000000       0x10 /tmp/ccJUi6E1.o
 .debug_macro   0x00000000       0x52 /tmp/ccJUi6E1.o
 .debug_macro   0x00000000       0xc1 /tmp/ccJUi6E1.o
 .debug_macro   0x00000000       0x1c /tmp/ccJUi6E1.o
 .debug_macro   0x00000000       0x3d /tmp/ccJUi6E1.o
 .debug_macro   0x00000000       0x1c /tmp/ccJUi6E1.o
 .debug_macro   0x00000000       0x22 /tmp/ccJUi6E1.o
 .debug_macro   0x00000000       0x40 /tmp/ccJUi6E1.o
 .debug_macro   0x00000000       0x1c /tmp/ccJUi6E1.o
 .group         0x00000000        0xc /tmp/ccwxrh4o.o
 .group         0x00000000        0xc /tmp/ccwxrh4o.o
 .group         0x00000000        0xc /tmp/ccwxrh4o.o
 .group         0x00000000        0xc /tmp/ccwxrh4o.o
 .group         0x00000000        0xc /tmp/ccwxrh4o.o
 .group         0x00000000        0xc /tmp/ccwxrh4o.o
 .group         0x00000000        0xc /tmp/ccwxrh4o.o
 .group         0x00000000        0xc /tmp/ccwxrh4o.o
 .group         0x00000000        0xc /tmp/ccwxrh4o.o
 .group         0x00000000        0xc /tmp/ccwxrh4o.o
 .group         0x00000000        0xc /tmp/ccwxrh4o.o
 .group         0x00000000        0xc /tmp/ccwxrh4o.o
 .group         0x00000000        0xc /tmp/ccwxrh4o.o
 .group         0x00000000        0xc /tmp/ccwxrh4o.o
 .group         0x00000000        0xc /tmp/ccwxrh4o.o
 .group         0x00000000        0xc /tmp/ccwxrh4o.o
 .group         0x00000000        0xc /tmp/ccwxrh4o.o
 .group         0x00000000        0xc /tmp/ccwxrh4o.o
 .group         0x00000000        0xc /tmp/ccwxrh4o.o
 .group         0x00000000        0xc /tmp/ccwxrh4o.o
 .group         0x00000000        0xc /tmp/ccwxrh4o.o
 .group         0x00000000        0xc /tmp/ccwxrh4o.o
 .group         0x00000000        0xc /tmp/ccwxrh4o.o
 .group         0x00000000        0xc /tmp/ccwxrh4o.o
 .group         0x00000000        0xc /tmp/ccwxrh4o.o
 .group         0x00000000        0xc /tmp/ccwxrh4o.o
 .group         0x00000000        0xc /tmp/ccwxrh4o.o
 .group         0x00000000        0xc /tmp/ccwxrh4o.o
 .group         0x00000000        0xc /tmp/ccwxrh4o.o
 .group         0x00000000        0xc /tmp/ccwxrh4o.o
 .group         0x00000000        0xc /tmp/ccwxrh4o.o
 .group         0x00000000        0xc /tmp/ccwxrh4o.o
 .group         0x00000000        0xc /tmp/ccwxrh4o.o
 .group         0x00000000        0xc /tmp/ccwxrh4o.o
 .group         0x00000000        0xc /tmp/ccwxrh4o.o
 .group         0x00000000        0xc /tmp/ccwxrh4o.o
 .text          0x00000000        0x0 /tmp/ccwxrh4o.o
 .data          0x00000000        0x0 /tmp/ccwxrh4o.o
 .bss           0x00000000        0x0 /tmp/ccwxrh4o.o
 .debug_macro   0x00000000      0xac6 /tmp/ccwxrh4o.o
 .debug_macro   0x00000000       0x22 /tmp/ccwxrh4o.o
 .debug_macro   0x00000000      0x34e /tmp/ccwxrh4o.o
 .debug_macro   0x00000000       0x22 /tmp/ccwxrh4o.o
 .debug_macro   0x00000000       0x6e /tmp/ccwxrh4o.o
 .debug_macro   0x00000000       0x2a /tmp/ccwxrh4o.o
 .debug_macro   0x00000000       0x94 /tmp/ccwxrh4o.o
 .debug_macro   0x00000000       0x3c /tmp/ccwxrh4o.o
 .debug_macro   0x00000000       0x34 /tmp/ccwxrh4o.o
 .debug_macro   0x00000000       0x16 /tmp/ccwxrh4o.o
 .debug_macro   0x00000000       0x57 /tmp/ccwxrh4o.o
 .debug_macro   0x00000000       0x9e /tmp/ccwxrh4o.o
 .debug_macro   0x00000000      0x364 /tmp/ccwxrh4o.o
 .debug_macro   0x00000000      0x112 /tmp/ccwxrh4o.o
 .debug_macro   0x00000000       0x10 /tmp/ccwxrh4o.o
 .debug_macro   0x00000000       0x16 /tmp/ccwxrh4o.o
 .debug_macro   0x00000000       0x4a /tmp/ccwxrh4o.o
 .debug_macro   0x00000000       0x34 /tmp/ccwxrh4o.o
 .debug_macro   0x00000000       0x10 /tmp/ccwxrh4o.o
 .debug_macro   0x00000000       0x58 /tmp/ccwxrh4o.o
 .debug_macro   0x00000000      0x1de /tmp/ccwxrh4o.o
 .debug_macro   0x00000000       0x16 /tmp/ccwxrh4o.o
 .debug_macro   0x00000000       0x16 /tmp/ccwxrh4o.o
 .debug_macro   0x00000000      0x170 /tmp/ccwxrh4o.o
 .debug_macro   0x00000000       0x10 /tmp/ccwxrh4o.o
 .debug_macro   0x00000000       0x6a /tmp/ccwxrh4o.o
 .debug_macro   0x00000000       0x1c /tmp/ccwxrh4o.o
 .debug_macro   0x00000000       0x52 /tmp/ccwxrh4o.o
 .debug_macro   0x00000000       0x22 /tmp/ccwxrh4o.o
 .debug_macro   0x00000000       0x10 /tmp/ccwxrh4o.o
 .debug_macro   0x00000000       0x52 /tmp/ccwxrh4o.o
 .debug_macro   0x00000000       0xc1 /tmp/ccwxrh4o.o
 .debug_macro   0x00000000       0x1c /tmp/ccwxrh4o.o
 .debug_macro   0x00000000       0x3d /tmp/ccwxrh4o.o
 .debug_macro   0x00000000       0x1c /tmp/ccwxrh4o.o
 .debug_macro   0x00000000       0x22 /tmp/ccwxrh4o.o
 .group         0x00000000        0xc /tmp/ccZkPFZn.o
 .group         0x00000000        0xc /tmp/ccZkPFZn.o
 .group         0x00000000        0xc /tmp/ccZkPFZn.o
 .group         0x00000000        0xc /tmp/ccZkPFZn.o
 .group         0x00000000        0xc /tmp/ccZkPFZn.o
 .group         0x00000000        0xc /tmp/ccZkPFZn.o
 .group         0x00000000        0xc /tmp/ccZkPFZn.o
 .group         0x00000000        0xc /tmp/ccZkPFZn.o
 .group         0x00000000        0xc /tmp/ccZkPFZn.o
 .group         0x00000000        0xc /tmp/ccZkPFZn.o
 .group         0x00000000        0xc /tmp/ccZkPFZn.o
 .group         0x00000000        0xc /tmp/ccZkPFZn.o
 .group         0x00000000        0xc /tmp/ccZkPFZn.o
 .group         0x00000000        0xc /tmp/ccZkPFZn.o
 .group         0x00000000        0xc /tmp/ccZkPFZn.o
 .group         0x00000000        0xc /tmp/ccZkPFZn.o
 .group         0x00000000        0xc /tmp/ccZkPFZn.o
 .group         0x00000000        0xc /tmp/ccZkPFZn.o
 .group         0x00000000        0xc /tmp/ccZkPFZn.o
 .group         0x00000000        0xc /tmp/ccZkPFZn.o
 .group         0x00000000        0xc /tmp/ccZkPFZn.o
 .group         0x00000000        0xc /tmp/ccZkPFZn.o
 .group         0x00000000        0xc /tmp/ccZkPFZn.o
 .group         0x00000000        0xc /tmp/ccZkPFZn.o
 .group         0x00000000        0xc /tmp/ccZkPFZn.o
 .group         0x00000000        0xc /tmp/ccZkPFZn.o
 .group         0x00000000        0xc /tmp/ccZkPFZn.o
 .group         0x00000000        0xc /tmp/ccZkPFZn.o
 .group         0x00000000        0xc /tmp/ccZkPFZn.o
 .group         0x00000000        0xc /tmp/ccZkPFZn.o
 .group         0x00000000        0xc /tmp/ccZkPFZn.o
 .group         0x00000000        0xc /tmp/ccZkPFZn.o
 .group         0x00000000        0xc /tmp/ccZkPFZn.o
 .group         0x00000000        0xc /tmp/ccZkPFZn.o
 .group         0x00000000        0xc /tmp/ccZkPFZn.o
 .group         0x00000000        0xc /tmp/ccZkPFZn.o
 .group         0x00000000        0xc /tmp/ccZkPFZn.o
 .text          0x00000000        0x0 /tmp/ccZkPFZn.o
 .data          0x00000000        0x0 /tmp/ccZkPFZn.o
 .bss           0x00000000        0x0 /tmp/ccZkPFZn.o
 .debug_macro   0x00000000      0xac6 /tmp/ccZkPFZn.o
 .debug_macro   0x00000000       0x22 /tmp/ccZkPFZn.o
 .debug_macro   0x00000000      0x34e /tmp/ccZkPFZn.o
 .debug_macro   0x00000000       0x22 /tmp/ccZkPFZn.o
 .debug_macro   0x00000000       0x6e /tmp/ccZkPFZn.o
 .debug_macro   0x00000000       0x2a /tmp/ccZkPFZn.o
 .debug_macro   0x00000000       0x94 /tmp/ccZkPFZn.o
 .debug_macro   0x00000000       0x3c /tmp/ccZkPFZn.o
 .debug_macro   0x00000000       0x34 /tmp/ccZkPFZn.o
 .debug_macro   0x00000000       0x16 /tmp/ccZkPFZn.o
 .debug_macro   0x00000000       0x57 /tmp/ccZkPFZn.o
 .debug_macro   0x00000000       0x9e /tmp/ccZkPFZn.o
 .debug_macro   0x00000000      0x364 /tmp/ccZkPFZn.o
 .debug_macro   0x00000000      0x112 /tmp/ccZkPFZn.o
 .debug_macro   0x00000000       0x10 /tmp/ccZkPFZn.o
 .debug_macro   0x00000000       0x16 /tmp/ccZkPFZn.o
 .debug_macro   0x00000000       0x4a /tmp/ccZkPFZn.o
 .debug_macro   0x00000000       0x34 /tmp/ccZkPFZn.o
 .debug_macro   0x00000000       0x10 /tmp/ccZkPFZn.o
 .debug_macro   0x00000000       0x58 /tmp/ccZkPFZn.o
 .debug_macro   0x00000000      0x1de /tmp/ccZkPFZn.o
 .debug_macro   0x00000000       0x16 /tmp/ccZkPFZn.o
 .debug_macro   0x00000000       0x16 /tmp/ccZkPFZn.o
 .debug_macro   0x00000000      0x170 /tmp/ccZkPFZn.o
 .debug_macro   0x00000000       0x10 /tmp/ccZkPFZn.o
 .debug_macro   0x00000000       0x6a /tmp/ccZkPFZn.o
 .debug_macro   0x00000000       0x1c /tmp/ccZkPFZn.o
 .debug_macro   0x00000000       0x52 /tmp/ccZkPFZn.o
 .debug_macro   0x00000000       0x22 /tmp/ccZkPFZn.o
 .debug_macro   0x00000000       0x10 /tmp/ccZkPFZn.o
 .debug_macro   0x00000000       0x52 /tmp/ccZkPFZn.o
 .debug_macro   0x00000000       0xc1 /tmp/ccZkPFZn.o
 .debug_macro   0x00000000       0x1c /tmp/ccZkPFZn.o
 .debug_macro   0x00000000       0x3d /tmp/ccZkPFZn.o
 .debug_macro   0x00000000       0x1c /tmp/ccZkPFZn.o
 .debug_macro   0x00000000       0x40 /tmp/ccZkPFZn.o
 .debug_macro   0x00000000       0x22 /tmp/ccZkPFZn.o

Memory Configuration

Name             Origin             Length             Attributes
FLASH            0x08000000         0x00080000         xr
RAM              0x20000000         0x00020000         xrw
*default*        0x00000000         0xffffffff

Linker script and memory map

LOAD /tmp/cc4dB0rb.o
LOAD /tmp/cctNc6Am.o
LOAD /tmp/cceMxAin.o
LOAD /tmp/ccJUi6E1.o
LOAD /tmp/ccwxrh4o.o
LOAD /tmp/ccZkPFZn.o
                0x20020000                        _estack = (ORIGIN (RAM) + LENGTH (RAM))
                0x00000200                        _Min_Heap_Size = 0x200
                0x00000400                        _Min_Stack_Size = 0x400

.isr_vector     0x08000000      0x1ac
                0x08000000                        . = ALIGN (0x4)
 *(.isr_vector)
 .isr_vector    0x08000000      0x1ac /tmp/cctNc6Am.o
                0x08000000                g_pfnVectors
                0x080001ac                        . = ALIGN (0x4)

.text           0x080001ac      0x360
                0x080001ac                        . = ALIGN (0x4)
 *(.text)
 *(.text*)
 .text.main     0x080001ac       0x24 /tmp/cc4dB0rb.o
                0x080001ac                main
 .text.Reset_Handler
                0x080001d0       0x48 /tmp/cctNc6Am.o
                0x080001d0                Reset_Handler
 .text.Default_Handler
                0x08000218        0x4 /tmp/cctNc6Am.o
                0x08000218                DebugMon_Handler
                0x08000218                HardFault_Handler
                0x08000218                PendSV_Handler
                0x08000218                NMI_Handler
                0x08000218                UsageFault_Handler
                0x08000218                Default_Handler
                0x08000218                MemManage_Handler
                0x08000218                SVC_Handler
                0x08000218                BusFault_Handler
 .text.gpio_write
                0x0800021c       0x48 /tmp/cceMxAin.o
                0x0800021c                gpio_write
 .text.gpio_set_mode
                0x08000264       0x62 /tmp/cceMxAin.o
                0x08000264                gpio_set_mode
 *fill*         0x080002c6        0x2 
 .text.hse_enable
                0x080002c8       0x40 /tmp/ccJUi6E1.o
                0x080002c8                hse_enable
 .text.pll_enable
                0x08000308       0x40 /tmp/ccJUi6E1.o
                0x08000308                pll_enable
 .text.system_clock_init
                0x08000348       0xc8 /tmp/ccJUi6E1.o
                0x08000348                system_clock_init
 .text.systick_init
                0x08000410       0x3c /tmp/ccwxrh4o.o
                0x08000410                systick_init
 .text.SysTick_Handler
                0x0800044c       0x1c /tmp/ccwxrh4o.o
                0x0800044c                SysTick_Handler
 .text.blinkled
                0x08000468       0xa4 /tmp/ccZkPFZn.o
                0x08000468                blinkled
 *(.rodata)
 *(.rodata*)
                0x0800050c                        . = ALIGN (0x4)
                0x0800050c                        _etext = .
                0x0800050c                        _sidata = LOADADDR (.data)

.glue_7         0x0800050c        0x0
 .glue_7        0x0800050c        0x0 linker stubs

.glue_7t        0x0800050c        0x0
 .glue_7t       0x0800050c        0x0 linker stubs

.vfp11_veneer   0x0800050c        0x0
 .vfp11_veneer  0x0800050c        0x0 linker stubs

.v4_bx          0x0800050c        0x0
 .v4_bx         0x0800050c        0x0 linker stubs

.iplt           0x0800050c        0x0
 .iplt          0x0800050c        0x0 /tmp/cc4dB0rb.o

.rel.dyn        0x0800050c        0x0
 .rel.iplt      0x0800050c        0x0 /tmp/cc4dB0rb.o

.data           0x20000000        0x0 load address 0x0800050c
                0x20000000                        . = ALIGN (0x4)
                0x20000000                        _sdata = .
 *(.data)
 *(.data*)
                0x20000000                        . = ALIGN (0x4)
                0x20000000                        _edata = .

.igot.plt       0x20000000        0x0 load address 0x0800050c
 .igot.plt      0x20000000        0x0 /tmp/cc4dB0rb.o

.bss            0x20000000        0x4 load address 0x0800050c
                0x20000000                        . = ALIGN (0x4)
                0x20000000                        _sbss = .
 *(.bss)
 *(.bss*)
 .bss.s_ticks   0x20000000        0x4 /tmp/ccwxrh4o.o
                0x20000000                s_ticks
 *(COMMON)
                0x20000004                        . = ALIGN (0x4)
                0x20000004                        _ebss = .

._user_heap_stack
                0x20000004      0x604 load address 0x0800050c
                0x20000008                        . = ALIGN (0x8)
 *fill*         0x20000004        0x4 
                0x20000208                        . = (. + _Min_Heap_Size)
 *fill*         0x20000008      0x200 
                0x20000608                        . = (. + _Min_Stack_Size)
 *fill*         0x20000208      0x400 
                0x20000608                        . = ALIGN (0x8)
OUTPUT(blink.elf elf32-littlearm)
LOAD linker stubs

.debug_info     0x00000000      0xbbf
 .debug_info    0x00000000      0x132 /tmp/cc4dB0rb.o
 .debug_info    0x00000132       0xa9 /tmp/cctNc6Am.o
 .debug_info    0x000001db      0x1c2 /tmp/cceMxAin.o
 .debug_info    0x0000039d      0x417 /tmp/ccJUi6E1.o
 .debug_info    0x000007b4      0x12c /tmp/ccwxrh4o.o
 .debug_info    0x000008e0      0x2df /tmp/ccZkPFZn.o

.debug_abbrev   0x00000000      0x4e3
 .debug_abbrev  0x00000000       0xab /tmp/cc4dB0rb.o
 .debug_abbrev  0x000000ab       0x24 /tmp/cctNc6Am.o
 .debug_abbrev  0x000000cf       0xf9 /tmp/cceMxAin.o
 .debug_abbrev  0x000001c8      0x11b /tmp/ccJUi6E1.o
 .debug_abbrev  0x000002e3       0xec /tmp/ccwxrh4o.o
 .debug_abbrev  0x000003cf      0x114 /tmp/ccZkPFZn.o

.debug_aranges  0x00000000       0xe8
 .debug_aranges
                0x00000000       0x20 /tmp/cc4dB0rb.o
 .debug_aranges
                0x00000020       0x28 /tmp/cctNc6Am.o
 .debug_aranges
                0x00000048       0x28 /tmp/cceMxAin.o
 .debug_aranges
                0x00000070       0x30 /tmp/ccJUi6E1.o
 .debug_aranges
                0x000000a0       0x28 /tmp/ccwxrh4o.o
 .debug_aranges
                0x000000c8       0x20 /tmp/ccZkPFZn.o

.debug_rnglists
                0x00000000       0x92
 .debug_rnglists
                0x00000000       0x13 /tmp/cc4dB0rb.o
 .debug_rnglists
                0x00000013       0x19 /tmp/cctNc6Am.o
 .debug_rnglists
                0x0000002c       0x19 /tmp/cceMxAin.o
 .debug_rnglists
                0x00000045       0x20 /tmp/ccJUi6E1.o
 .debug_rnglists
                0x00000065       0x19 /tmp/ccwxrh4o.o
 .debug_rnglists
                0x0000007e       0x14 /tmp/ccZkPFZn.o

.debug_macro    0x00000000     0x2773
 .debug_macro   0x00000000      0x261 /tmp/cc4dB0rb.o
 .debug_macro   0x00000261      0xac6 /tmp/cc4dB0rb.o
 .debug_macro   0x00000d27       0x22 /tmp/cc4dB0rb.o
 .debug_macro   0x00000d49      0x34e /tmp/cc4dB0rb.o
 .debug_macro   0x00001097       0x22 /tmp/cc4dB0rb.o
 .debug_macro   0x000010b9       0x6e /tmp/cc4dB0rb.o
 .debug_macro   0x00001127       0x2a /tmp/cc4dB0rb.o
 .debug_macro   0x00001151       0x94 /tmp/cc4dB0rb.o
 .debug_macro   0x000011e5       0x3c /tmp/cc4dB0rb.o
 .debug_macro   0x00001221       0x34 /tmp/cc4dB0rb.o
 .debug_macro   0x00001255       0x16 /tmp/cc4dB0rb.o
 .debug_macro   0x0000126b       0x57 /tmp/cc4dB0rb.o
 .debug_macro   0x000012c2       0x9e /tmp/cc4dB0rb.o
 .debug_macro   0x00001360      0x364 /tmp/cc4dB0rb.o
 .debug_macro   0x000016c4      0x112 /tmp/cc4dB0rb.o
 .debug_macro   0x000017d6       0x10 /tmp/cc4dB0rb.o
 .debug_macro   0x000017e6       0x16 /tmp/cc4dB0rb.o
 .debug_macro   0x000017fc       0x4a /tmp/cc4dB0rb.o
 .debug_macro   0x00001846       0x34 /tmp/cc4dB0rb.o
 .debug_macro   0x0000187a       0x10 /tmp/cc4dB0rb.o
 .debug_macro   0x0000188a       0x58 /tmp/cc4dB0rb.o
 .debug_macro   0x000018e2      0x1de /tmp/cc4dB0rb.o
 .debug_macro   0x00001ac0       0x16 /tmp/cc4dB0rb.o
 .debug_macro   0x00001ad6       0x16 /tmp/cc4dB0rb.o
 .debug_macro   0x00001aec      0x170 /tmp/cc4dB0rb.o
 .debug_macro   0x00001c5c       0x10 /tmp/cc4dB0rb.o
 .debug_macro   0x00001c6c       0x6a /tmp/cc4dB0rb.o
 .debug_macro   0x00001cd6       0x1c /tmp/cc4dB0rb.o
 .debug_macro   0x00001cf2       0x52 /tmp/cc4dB0rb.o
 .debug_macro   0x00001d44       0x22 /tmp/cc4dB0rb.o
 .debug_macro   0x00001d66       0x10 /tmp/cc4dB0rb.o
 .debug_macro   0x00001d76       0x52 /tmp/cc4dB0rb.o
 .debug_macro   0x00001dc8       0xc1 /tmp/cc4dB0rb.o
 .debug_macro   0x00001e89       0x1c /tmp/cc4dB0rb.o
 .debug_macro   0x00001ea5       0x3d /tmp/cc4dB0rb.o
 .debug_macro   0x00001ee2       0x1c /tmp/cc4dB0rb.o
 .debug_macro   0x00001efe       0x40 /tmp/cc4dB0rb.o
 .debug_macro   0x00001f3e       0x22 /tmp/cc4dB0rb.o
 .debug_macro   0x00001f60       0x1c /tmp/cc4dB0rb.o
 .debug_macro   0x00001f7c      0x1d9 /tmp/cceMxAin.o
 .debug_macro   0x00002155      0x227 /tmp/ccJUi6E1.o
 .debug_macro   0x0000237c      0x1d9 /tmp/ccwxrh4o.o
 .debug_macro   0x00002555      0x21e /tmp/ccZkPFZn.o

.debug_line     0x00000000     0x1b28
 .debug_line    0x00000000      0x743 /tmp/cc4dB0rb.o
 .debug_line    0x00000743       0x71 /tmp/cctNc6Am.o
 .debug_line    0x000007b4      0x405 /tmp/cceMxAin.o
 .debug_line    0x00000bb9      0x604 /tmp/ccJUi6E1.o
 .debug_line    0x000011bd      0x3e0 /tmp/ccwxrh4o.o
 .debug_line    0x0000159d      0x58b /tmp/ccZkPFZn.o

.debug_str      0x00000000     0x81dd
 .debug_str     0x00000000     0x81dd /tmp/cc4dB0rb.o
                               0x80f1 (size before relaxing)
 .debug_str     0x000081dd       0xfd /tmp/cctNc6Am.o
 .debug_str     0x000081dd     0x7e94 /tmp/cceMxAin.o
 .debug_str     0x000081dd     0x818c /tmp/ccJUi6E1.o
 .debug_str     0x000081dd     0x7df3 /tmp/ccwxrh4o.o
 .debug_str     0x000081dd     0x80b8 /tmp/ccZkPFZn.o

.comment        0x00000000       0x43
 .comment       0x00000000       0x43 /tmp/cc4dB0rb.o
                                 0x44 (size before relaxing)
 .comment       0x00000043       0x44 /tmp/cceMxAin.o
 .comment       0x00000043       0x44 /tmp/ccJUi6E1.o
 .comment       0x00000043       0x44 /tmp/ccwxrh4o.o
 .comment       0x00000043       0x44 /tmp/ccZkPFZn.o

.ARM.attributes
                0x00000000       0x32
 .ARM.attributes
                0x00000000       0x34 /tmp/cc4dB0rb.o
 .ARM.attributes
                0x00000034       0x21 /tmp/cctNc6Am.o
 .ARM.attributes
                0x00000055       0x34 /tmp/cceMxAin.o
 .ARM.attributes
                0x00000089       0x34 /tmp/ccJUi6E1.o
 .ARM.attributes
                0x000000bd       0x34 /tmp/ccwxrh4o.o
 .ARM.attributes
                0x000000f1       0x34 /tmp/ccZkPFZn.o

.debug_frame    0x00000000      0x178
 .debug_frame   0x00000000       0x2c /tmp/cc4dB0rb.o
 .debug_frame   0x0000002c       0x58 /tmp/cceMxAin.o
 .debug_frame   0x00000084       0x74 /tmp/ccJUi6E1.o
 .debug_frame   0x000000f8       0x50 /tmp/ccwxrh4o.o
 .debug_frame   0x00000148       0x30 /tmp/ccZkPFZn.o

.debug_line_str
                0x00000000       0x41
 .debug_line_str
                0x00000000       0x41 /tmp/cctNc6Am.o
