
Discarded input sections

 .group         0x00000000        0xc /tmp/ccIwsRRK.o
 .group         0x00000000        0xc /tmp/ccIwsRRK.o
 .group         0x00000000        0xc /tmp/ccIwsRRK.o
 .group         0x00000000        0xc /tmp/ccIwsRRK.o
 .group         0x00000000        0xc /tmp/ccIwsRRK.o
 .group         0x00000000        0xc /tmp/ccIwsRRK.o
 .group         0x00000000        0xc /tmp/ccIwsRRK.o
 .group         0x00000000        0xc /tmp/ccIwsRRK.o
 .group         0x00000000        0xc /tmp/ccIwsRRK.o
 .group         0x00000000        0xc /tmp/ccIwsRRK.o
 .group         0x00000000        0xc /tmp/ccIwsRRK.o
 .group         0x00000000        0xc /tmp/ccIwsRRK.o
 .group         0x00000000        0xc /tmp/ccIwsRRK.o
 .group         0x00000000        0xc /tmp/ccIwsRRK.o
 .group         0x00000000        0xc /tmp/ccIwsRRK.o
 .group         0x00000000        0xc /tmp/ccIwsRRK.o
 .group         0x00000000        0xc /tmp/ccIwsRRK.o
 .group         0x00000000        0xc /tmp/ccIwsRRK.o
 .group         0x00000000        0xc /tmp/ccIwsRRK.o
 .group         0x00000000        0xc /tmp/ccIwsRRK.o
 .group         0x00000000        0xc /tmp/ccIwsRRK.o
 .group         0x00000000        0xc /tmp/ccIwsRRK.o
 .group         0x00000000        0xc /tmp/ccIwsRRK.o
 .group         0x00000000        0xc /tmp/ccIwsRRK.o
 .group         0x00000000        0xc /tmp/ccIwsRRK.o
 .group         0x00000000        0xc /tmp/ccIwsRRK.o
 .group         0x00000000        0xc /tmp/ccIwsRRK.o
 .group         0x00000000        0xc /tmp/ccIwsRRK.o
 .group         0x00000000        0xc /tmp/ccIwsRRK.o
 .group         0x00000000        0xc /tmp/ccIwsRRK.o
 .group         0x00000000        0xc /tmp/ccIwsRRK.o
 .group         0x00000000        0xc /tmp/ccIwsRRK.o
 .group         0x00000000        0xc /tmp/ccIwsRRK.o
 .group         0x00000000        0xc /tmp/ccIwsRRK.o
 .group         0x00000000        0xc /tmp/ccIwsRRK.o
 .group         0x00000000        0xc /tmp/ccIwsRRK.o
 .group         0x00000000        0xc /tmp/ccIwsRRK.o
 .text          0x00000000        0x0 /tmp/ccIwsRRK.o
 .data          0x00000000        0x0 /tmp/ccIwsRRK.o
 .bss           0x00000000        0x0 /tmp/ccIwsRRK.o
 .text          0x00000000        0x0 /tmp/ccUlynan.o
 .data          0x00000000        0x0 /tmp/ccUlynan.o
 .bss           0x00000000        0x0 /tmp/ccUlynan.o
 .group         0x00000000        0xc /tmp/cc6lYY7G.o
 .group         0x00000000        0xc /tmp/cc6lYY7G.o
 .group         0x00000000        0xc /tmp/cc6lYY7G.o
 .group         0x00000000        0xc /tmp/cc6lYY7G.o
 .group         0x00000000        0xc /tmp/cc6lYY7G.o
 .group         0x00000000        0xc /tmp/cc6lYY7G.o
 .group         0x00000000        0xc /tmp/cc6lYY7G.o
 .group         0x00000000        0xc /tmp/cc6lYY7G.o
 .group         0x00000000        0xc /tmp/cc6lYY7G.o
 .group         0x00000000        0xc /tmp/cc6lYY7G.o
 .group         0x00000000        0xc /tmp/cc6lYY7G.o
 .group         0x00000000        0xc /tmp/cc6lYY7G.o
 .group         0x00000000        0xc /tmp/cc6lYY7G.o
 .group         0x00000000        0xc /tmp/cc6lYY7G.o
 .group         0x00000000        0xc /tmp/cc6lYY7G.o
 .group         0x00000000        0xc /tmp/cc6lYY7G.o
 .group         0x00000000        0xc /tmp/cc6lYY7G.o
 .group         0x00000000        0xc /tmp/cc6lYY7G.o
 .group         0x00000000        0xc /tmp/cc6lYY7G.o
 .group         0x00000000        0xc /tmp/cc6lYY7G.o
 .group         0x00000000        0xc /tmp/cc6lYY7G.o
 .group         0x00000000        0xc /tmp/cc6lYY7G.o
 .group         0x00000000        0xc /tmp/cc6lYY7G.o
 .group         0x00000000        0xc /tmp/cc6lYY7G.o
 .group         0x00000000        0xc /tmp/cc6lYY7G.o
 .group         0x00000000        0xc /tmp/cc6lYY7G.o
 .group         0x00000000        0xc /tmp/cc6lYY7G.o
 .group         0x00000000        0xc /tmp/cc6lYY7G.o
 .group         0x00000000        0xc /tmp/cc6lYY7G.o
 .group         0x00000000        0xc /tmp/cc6lYY7G.o
 .group         0x00000000        0xc /tmp/cc6lYY7G.o
 .group         0x00000000        0xc /tmp/cc6lYY7G.o
 .group         0x00000000        0xc /tmp/cc6lYY7G.o
 .group         0x00000000        0xc /tmp/cc6lYY7G.o
 .group         0x00000000        0xc /tmp/cc6lYY7G.o
 .group         0x00000000        0xc /tmp/cc6lYY7G.o
 .text          0x00000000        0x0 /tmp/cc6lYY7G.o
 .data          0x00000000        0x0 /tmp/cc6lYY7G.o
 .bss           0x00000000        0x0 /tmp/cc6lYY7G.o
 .debug_macro   0x00000000      0xaba /tmp/cc6lYY7G.o
 .debug_macro   0x00000000       0x22 /tmp/cc6lYY7G.o
 .debug_macro   0x00000000      0x34e /tmp/cc6lYY7G.o
 .debug_macro   0x00000000       0x22 /tmp/cc6lYY7G.o
 .debug_macro   0x00000000       0x6e /tmp/cc6lYY7G.o
 .debug_macro   0x00000000       0x24 /tmp/cc6lYY7G.o
 .debug_macro   0x00000000       0x94 /tmp/cc6lYY7G.o
 .debug_macro   0x00000000       0x3c /tmp/cc6lYY7G.o
 .debug_macro   0x00000000       0x34 /tmp/cc6lYY7G.o
 .debug_macro   0x00000000       0x16 /tmp/cc6lYY7G.o
 .debug_macro   0x00000000       0x57 /tmp/cc6lYY7G.o
 .debug_macro   0x00000000       0x9e /tmp/cc6lYY7G.o
 .debug_macro   0x00000000      0x364 /tmp/cc6lYY7G.o
 .debug_macro   0x00000000      0x112 /tmp/cc6lYY7G.o
 .debug_macro   0x00000000       0x10 /tmp/cc6lYY7G.o
 .debug_macro   0x00000000       0x16 /tmp/cc6lYY7G.o
 .debug_macro   0x00000000       0x4a /tmp/cc6lYY7G.o
 .debug_macro   0x00000000       0x34 /tmp/cc6lYY7G.o
 .debug_macro   0x00000000       0x10 /tmp/cc6lYY7G.o
 .debug_macro   0x00000000       0x58 /tmp/cc6lYY7G.o
 .debug_macro   0x00000000      0x1de /tmp/cc6lYY7G.o
 .debug_macro   0x00000000       0x16 /tmp/cc6lYY7G.o
 .debug_macro   0x00000000       0x16 /tmp/cc6lYY7G.o
 .debug_macro   0x00000000      0x170 /tmp/cc6lYY7G.o
 .debug_macro   0x00000000       0x10 /tmp/cc6lYY7G.o
 .debug_macro   0x00000000       0x6a /tmp/cc6lYY7G.o
 .debug_macro   0x00000000       0x1c /tmp/cc6lYY7G.o
 .debug_macro   0x00000000       0x52 /tmp/cc6lYY7G.o
 .debug_macro   0x00000000       0x22 /tmp/cc6lYY7G.o
 .debug_macro   0x00000000       0x10 /tmp/cc6lYY7G.o
 .debug_macro   0x00000000       0x52 /tmp/cc6lYY7G.o
 .debug_macro   0x00000000       0xc1 /tmp/cc6lYY7G.o
 .debug_macro   0x00000000       0x1c /tmp/cc6lYY7G.o
 .debug_macro   0x00000000       0x3d /tmp/cc6lYY7G.o
 .debug_macro   0x00000000       0x1c /tmp/cc6lYY7G.o
 .debug_macro   0x00000000       0x58 /tmp/cc6lYY7G.o
 .group         0x00000000        0xc /tmp/cci9xLUX.o
 .group         0x00000000        0xc /tmp/cci9xLUX.o
 .group         0x00000000        0xc /tmp/cci9xLUX.o
 .group         0x00000000        0xc /tmp/cci9xLUX.o
 .group         0x00000000        0xc /tmp/cci9xLUX.o
 .group         0x00000000        0xc /tmp/cci9xLUX.o
 .group         0x00000000        0xc /tmp/cci9xLUX.o
 .group         0x00000000        0xc /tmp/cci9xLUX.o
 .group         0x00000000        0xc /tmp/cci9xLUX.o
 .group         0x00000000        0xc /tmp/cci9xLUX.o
 .group         0x00000000        0xc /tmp/cci9xLUX.o
 .group         0x00000000        0xc /tmp/cci9xLUX.o
 .group         0x00000000        0xc /tmp/cci9xLUX.o
 .group         0x00000000        0xc /tmp/cci9xLUX.o
 .group         0x00000000        0xc /tmp/cci9xLUX.o
 .group         0x00000000        0xc /tmp/cci9xLUX.o
 .group         0x00000000        0xc /tmp/cci9xLUX.o
 .group         0x00000000        0xc /tmp/cci9xLUX.o
 .group         0x00000000        0xc /tmp/cci9xLUX.o
 .group         0x00000000        0xc /tmp/cci9xLUX.o
 .group         0x00000000        0xc /tmp/cci9xLUX.o
 .group         0x00000000        0xc /tmp/cci9xLUX.o
 .group         0x00000000        0xc /tmp/cci9xLUX.o
 .group         0x00000000        0xc /tmp/cci9xLUX.o
 .group         0x00000000        0xc /tmp/cci9xLUX.o
 .group         0x00000000        0xc /tmp/cci9xLUX.o
 .group         0x00000000        0xc /tmp/cci9xLUX.o
 .group         0x00000000        0xc /tmp/cci9xLUX.o
 .group         0x00000000        0xc /tmp/cci9xLUX.o
 .group         0x00000000        0xc /tmp/cci9xLUX.o
 .group         0x00000000        0xc /tmp/cci9xLUX.o
 .group         0x00000000        0xc /tmp/cci9xLUX.o
 .group         0x00000000        0xc /tmp/cci9xLUX.o
 .group         0x00000000        0xc /tmp/cci9xLUX.o
 .group         0x00000000        0xc /tmp/cci9xLUX.o
 .group         0x00000000        0xc /tmp/cci9xLUX.o
 .text          0x00000000        0x0 /tmp/cci9xLUX.o
 .data          0x00000000        0x0 /tmp/cci9xLUX.o
 .bss           0x00000000        0x0 /tmp/cci9xLUX.o
 .data.SystemCoreClock
                0x00000000        0x4 /tmp/cci9xLUX.o
 .debug_info    0x00000000       0x9d /tmp/cci9xLUX.o
 .debug_abbrev  0x00000000       0x59 /tmp/cci9xLUX.o
 .debug_aranges
                0x00000000       0x18 /tmp/cci9xLUX.o
 .debug_macro   0x00000000      0x1d3 /tmp/cci9xLUX.o
 .debug_macro   0x00000000      0xaba /tmp/cci9xLUX.o
 .debug_macro   0x00000000       0x22 /tmp/cci9xLUX.o
 .debug_macro   0x00000000      0x34e /tmp/cci9xLUX.o
 .debug_macro   0x00000000       0x22 /tmp/cci9xLUX.o
 .debug_macro   0x00000000       0x6e /tmp/cci9xLUX.o
 .debug_macro   0x00000000       0x24 /tmp/cci9xLUX.o
 .debug_macro   0x00000000       0x94 /tmp/cci9xLUX.o
 .debug_macro   0x00000000       0x3c /tmp/cci9xLUX.o
 .debug_macro   0x00000000       0x34 /tmp/cci9xLUX.o
 .debug_macro   0x00000000       0x16 /tmp/cci9xLUX.o
 .debug_macro   0x00000000       0x57 /tmp/cci9xLUX.o
 .debug_macro   0x00000000       0x9e /tmp/cci9xLUX.o
 .debug_macro   0x00000000      0x364 /tmp/cci9xLUX.o
 .debug_macro   0x00000000      0x112 /tmp/cci9xLUX.o
 .debug_macro   0x00000000       0x10 /tmp/cci9xLUX.o
 .debug_macro   0x00000000       0x16 /tmp/cci9xLUX.o
 .debug_macro   0x00000000       0x4a /tmp/cci9xLUX.o
 .debug_macro   0x00000000       0x34 /tmp/cci9xLUX.o
 .debug_macro   0x00000000       0x10 /tmp/cci9xLUX.o
 .debug_macro   0x00000000       0x58 /tmp/cci9xLUX.o
 .debug_macro   0x00000000      0x1de /tmp/cci9xLUX.o
 .debug_macro   0x00000000       0x16 /tmp/cci9xLUX.o
 .debug_macro   0x00000000       0x16 /tmp/cci9xLUX.o
 .debug_macro   0x00000000      0x170 /tmp/cci9xLUX.o
 .debug_macro   0x00000000       0x10 /tmp/cci9xLUX.o
 .debug_macro   0x00000000       0x6a /tmp/cci9xLUX.o
 .debug_macro   0x00000000       0x1c /tmp/cci9xLUX.o
 .debug_macro   0x00000000       0x52 /tmp/cci9xLUX.o
 .debug_macro   0x00000000       0x22 /tmp/cci9xLUX.o
 .debug_macro   0x00000000       0x10 /tmp/cci9xLUX.o
 .debug_macro   0x00000000       0x52 /tmp/cci9xLUX.o
 .debug_macro   0x00000000       0xc1 /tmp/cci9xLUX.o
 .debug_macro   0x00000000       0x1c /tmp/cci9xLUX.o
 .debug_macro   0x00000000       0x3d /tmp/cci9xLUX.o
 .debug_macro   0x00000000       0x1c /tmp/cci9xLUX.o
 .debug_macro   0x00000000       0x1c /tmp/cci9xLUX.o
 .debug_line    0x00000000      0x39a /tmp/cci9xLUX.o
 .debug_str     0x00000000     0x7d3c /tmp/cci9xLUX.o
 .comment       0x00000000       0x44 /tmp/cci9xLUX.o
 .ARM.attributes
                0x00000000       0x2e /tmp/cci9xLUX.o
 .group         0x00000000        0xc /tmp/ccdqlMUd.o
 .group         0x00000000        0xc /tmp/ccdqlMUd.o
 .group         0x00000000        0xc /tmp/ccdqlMUd.o
 .group         0x00000000        0xc /tmp/ccdqlMUd.o
 .group         0x00000000        0xc /tmp/ccdqlMUd.o
 .group         0x00000000        0xc /tmp/ccdqlMUd.o
 .group         0x00000000        0xc /tmp/ccdqlMUd.o
 .group         0x00000000        0xc /tmp/ccdqlMUd.o
 .group         0x00000000        0xc /tmp/ccdqlMUd.o
 .group         0x00000000        0xc /tmp/ccdqlMUd.o
 .group         0x00000000        0xc /tmp/ccdqlMUd.o
 .group         0x00000000        0xc /tmp/ccdqlMUd.o
 .group         0x00000000        0xc /tmp/ccdqlMUd.o
 .group         0x00000000        0xc /tmp/ccdqlMUd.o
 .group         0x00000000        0xc /tmp/ccdqlMUd.o
 .group         0x00000000        0xc /tmp/ccdqlMUd.o
 .group         0x00000000        0xc /tmp/ccdqlMUd.o
 .group         0x00000000        0xc /tmp/ccdqlMUd.o
 .group         0x00000000        0xc /tmp/ccdqlMUd.o
 .group         0x00000000        0xc /tmp/ccdqlMUd.o
 .group         0x00000000        0xc /tmp/ccdqlMUd.o
 .group         0x00000000        0xc /tmp/ccdqlMUd.o
 .group         0x00000000        0xc /tmp/ccdqlMUd.o
 .group         0x00000000        0xc /tmp/ccdqlMUd.o
 .group         0x00000000        0xc /tmp/ccdqlMUd.o
 .group         0x00000000        0xc /tmp/ccdqlMUd.o
 .group         0x00000000        0xc /tmp/ccdqlMUd.o
 .group         0x00000000        0xc /tmp/ccdqlMUd.o
 .group         0x00000000        0xc /tmp/ccdqlMUd.o
 .group         0x00000000        0xc /tmp/ccdqlMUd.o
 .group         0x00000000        0xc /tmp/ccdqlMUd.o
 .group         0x00000000        0xc /tmp/ccdqlMUd.o
 .group         0x00000000        0xc /tmp/ccdqlMUd.o
 .group         0x00000000        0xc /tmp/ccdqlMUd.o
 .group         0x00000000        0xc /tmp/ccdqlMUd.o
 .group         0x00000000        0xc /tmp/ccdqlMUd.o
 .text          0x00000000        0x0 /tmp/ccdqlMUd.o
 .data          0x00000000        0x0 /tmp/ccdqlMUd.o
 .bss           0x00000000        0x0 /tmp/ccdqlMUd.o
 .text.systick_init
                0x00000000       0x3c /tmp/ccdqlMUd.o
 .debug_macro   0x00000000      0xaba /tmp/ccdqlMUd.o
 .debug_macro   0x00000000       0x22 /tmp/ccdqlMUd.o
 .debug_macro   0x00000000      0x34e /tmp/ccdqlMUd.o
 .debug_macro   0x00000000       0x22 /tmp/ccdqlMUd.o
 .debug_macro   0x00000000       0x6e /tmp/ccdqlMUd.o
 .debug_macro   0x00000000       0x24 /tmp/ccdqlMUd.o
 .debug_macro   0x00000000       0x94 /tmp/ccdqlMUd.o
 .debug_macro   0x00000000       0x3c /tmp/ccdqlMUd.o
 .debug_macro   0x00000000       0x34 /tmp/ccdqlMUd.o
 .debug_macro   0x00000000       0x16 /tmp/ccdqlMUd.o
 .debug_macro   0x00000000       0x57 /tmp/ccdqlMUd.o
 .debug_macro   0x00000000       0x9e /tmp/ccdqlMUd.o
 .debug_macro   0x00000000      0x364 /tmp/ccdqlMUd.o
 .debug_macro   0x00000000      0x112 /tmp/ccdqlMUd.o
 .debug_macro   0x00000000       0x10 /tmp/ccdqlMUd.o
 .debug_macro   0x00000000       0x16 /tmp/ccdqlMUd.o
 .debug_macro   0x00000000       0x4a /tmp/ccdqlMUd.o
 .debug_macro   0x00000000       0x34 /tmp/ccdqlMUd.o
 .debug_macro   0x00000000       0x10 /tmp/ccdqlMUd.o
 .debug_macro   0x00000000       0x58 /tmp/ccdqlMUd.o
 .debug_macro   0x00000000      0x1de /tmp/ccdqlMUd.o
 .debug_macro   0x00000000       0x16 /tmp/ccdqlMUd.o
 .debug_macro   0x00000000       0x16 /tmp/ccdqlMUd.o
 .debug_macro   0x00000000      0x170 /tmp/ccdqlMUd.o
 .debug_macro   0x00000000       0x10 /tmp/ccdqlMUd.o
 .debug_macro   0x00000000       0x6a /tmp/ccdqlMUd.o
 .debug_macro   0x00000000       0x1c /tmp/ccdqlMUd.o
 .debug_macro   0x00000000       0x52 /tmp/ccdqlMUd.o
 .debug_macro   0x00000000       0x22 /tmp/ccdqlMUd.o
 .debug_macro   0x00000000       0x10 /tmp/ccdqlMUd.o
 .debug_macro   0x00000000       0x52 /tmp/ccdqlMUd.o
 .debug_macro   0x00000000       0xc1 /tmp/ccdqlMUd.o
 .debug_macro   0x00000000       0x1c /tmp/ccdqlMUd.o
 .debug_macro   0x00000000       0x3d /tmp/ccdqlMUd.o
 .debug_macro   0x00000000       0x1c /tmp/ccdqlMUd.o
 .debug_macro   0x00000000       0x1c /tmp/ccdqlMUd.o
 .group         0x00000000        0xc /tmp/ccJ36UQp.o
 .group         0x00000000        0xc /tmp/ccJ36UQp.o
 .group         0x00000000        0xc /tmp/ccJ36UQp.o
 .group         0x00000000        0xc /tmp/ccJ36UQp.o
 .group         0x00000000        0xc /tmp/ccJ36UQp.o
 .group         0x00000000        0xc /tmp/ccJ36UQp.o
 .group         0x00000000        0xc /tmp/ccJ36UQp.o
 .group         0x00000000        0xc /tmp/ccJ36UQp.o
 .group         0x00000000        0xc /tmp/ccJ36UQp.o
 .group         0x00000000        0xc /tmp/ccJ36UQp.o
 .group         0x00000000        0xc /tmp/ccJ36UQp.o
 .group         0x00000000        0xc /tmp/ccJ36UQp.o
 .group         0x00000000        0xc /tmp/ccJ36UQp.o
 .group         0x00000000        0xc /tmp/ccJ36UQp.o
 .group         0x00000000        0xc /tmp/ccJ36UQp.o
 .group         0x00000000        0xc /tmp/ccJ36UQp.o
 .group         0x00000000        0xc /tmp/ccJ36UQp.o
 .group         0x00000000        0xc /tmp/ccJ36UQp.o
 .group         0x00000000        0xc /tmp/ccJ36UQp.o
 .group         0x00000000        0xc /tmp/ccJ36UQp.o
 .group         0x00000000        0xc /tmp/ccJ36UQp.o
 .group         0x00000000        0xc /tmp/ccJ36UQp.o
 .group         0x00000000        0xc /tmp/ccJ36UQp.o
 .group         0x00000000        0xc /tmp/ccJ36UQp.o
 .group         0x00000000        0xc /tmp/ccJ36UQp.o
 .group         0x00000000        0xc /tmp/ccJ36UQp.o
 .group         0x00000000        0xc /tmp/ccJ36UQp.o
 .group         0x00000000        0xc /tmp/ccJ36UQp.o
 .group         0x00000000        0xc /tmp/ccJ36UQp.o
 .group         0x00000000        0xc /tmp/ccJ36UQp.o
 .group         0x00000000        0xc /tmp/ccJ36UQp.o
 .group         0x00000000        0xc /tmp/ccJ36UQp.o
 .group         0x00000000        0xc /tmp/ccJ36UQp.o
 .group         0x00000000        0xc /tmp/ccJ36UQp.o
 .group         0x00000000        0xc /tmp/ccJ36UQp.o
 .group         0x00000000        0xc /tmp/ccJ36UQp.o
 .group         0x00000000        0xc /tmp/ccJ36UQp.o
 .text          0x00000000        0x0 /tmp/ccJ36UQp.o
 .data          0x00000000        0x0 /tmp/ccJ36UQp.o
 .bss           0x00000000        0x0 /tmp/ccJ36UQp.o
 .debug_macro   0x00000000      0xaba /tmp/ccJ36UQp.o
 .debug_macro   0x00000000       0x22 /tmp/ccJ36UQp.o
 .debug_macro   0x00000000      0x34e /tmp/ccJ36UQp.o
 .debug_macro   0x00000000       0x22 /tmp/ccJ36UQp.o
 .debug_macro   0x00000000       0x6e /tmp/ccJ36UQp.o
 .debug_macro   0x00000000       0x24 /tmp/ccJ36UQp.o
 .debug_macro   0x00000000       0x94 /tmp/ccJ36UQp.o
 .debug_macro   0x00000000       0x3c /tmp/ccJ36UQp.o
 .debug_macro   0x00000000       0x34 /tmp/ccJ36UQp.o
 .debug_macro   0x00000000       0x16 /tmp/ccJ36UQp.o
 .debug_macro   0x00000000       0x57 /tmp/ccJ36UQp.o
 .debug_macro   0x00000000       0x9e /tmp/ccJ36UQp.o
 .debug_macro   0x00000000      0x364 /tmp/ccJ36UQp.o
 .debug_macro   0x00000000      0x112 /tmp/ccJ36UQp.o
 .debug_macro   0x00000000       0x10 /tmp/ccJ36UQp.o
 .debug_macro   0x00000000       0x16 /tmp/ccJ36UQp.o
 .debug_macro   0x00000000       0x4a /tmp/ccJ36UQp.o
 .debug_macro   0x00000000       0x34 /tmp/ccJ36UQp.o
 .debug_macro   0x00000000       0x10 /tmp/ccJ36UQp.o
 .debug_macro   0x00000000       0x58 /tmp/ccJ36UQp.o
 .debug_macro   0x00000000      0x1de /tmp/ccJ36UQp.o
 .debug_macro   0x00000000       0x16 /tmp/ccJ36UQp.o
 .debug_macro   0x00000000       0x16 /tmp/ccJ36UQp.o
 .debug_macro   0x00000000      0x170 /tmp/ccJ36UQp.o
 .debug_macro   0x00000000       0x10 /tmp/ccJ36UQp.o
 .debug_macro   0x00000000       0x6a /tmp/ccJ36UQp.o
 .debug_macro   0x00000000       0x1c /tmp/ccJ36UQp.o
 .debug_macro   0x00000000       0x52 /tmp/ccJ36UQp.o
 .debug_macro   0x00000000       0x22 /tmp/ccJ36UQp.o
 .debug_macro   0x00000000       0x10 /tmp/ccJ36UQp.o
 .debug_macro   0x00000000       0x52 /tmp/ccJ36UQp.o
 .debug_macro   0x00000000       0xc1 /tmp/ccJ36UQp.o
 .debug_macro   0x00000000       0x1c /tmp/ccJ36UQp.o
 .debug_macro   0x00000000       0x3d /tmp/ccJ36UQp.o
 .debug_macro   0x00000000       0x1c /tmp/ccJ36UQp.o
 .debug_macro   0x00000000       0x58 /tmp/ccJ36UQp.o
 .debug_macro   0x00000000       0x1c /tmp/ccJ36UQp.o

Memory Configuration

Name             Origin             Length             Attributes
FLASH            0x08000000         0x00080000         xr
RAM              0x20000000         0x00020000         xrw
*default*        0x00000000         0xffffffff

Linker script and memory map

LOAD /tmp/ccIwsRRK.o
LOAD /tmp/ccUlynan.o
LOAD /tmp/cc6lYY7G.o
LOAD /tmp/cci9xLUX.o
LOAD /tmp/ccdqlMUd.o
LOAD /tmp/ccJ36UQp.o
                0x20020000                        _estack = (ORIGIN (RAM) + LENGTH (RAM))
                0x00000200                        _Min_Heap_Size = 0x200
                0x00000400                        _Min_Stack_Size = 0x400

.isr_vector     0x08000000      0x1ac
                0x08000000                        . = ALIGN (0x4)
 *(.isr_vector)
 .isr_vector    0x08000000      0x1ac /tmp/ccUlynan.o
                0x08000000                g_pfnVectors
                0x080001ac                        . = ALIGN (0x4)

.text           0x080001ac      0x1cc
                0x080001ac                        . = ALIGN (0x4)
 *(.text)
 *(.text*)
 .text.main     0x080001ac       0x18 /tmp/ccIwsRRK.o
                0x080001ac                main
 .text.Reset_Handler
                0x080001c4       0x48 /tmp/ccUlynan.o
                0x080001c4                Reset_Handler
 .text.Default_Handler
                0x0800020c        0x4 /tmp/ccUlynan.o
                0x0800020c                DebugMon_Handler
                0x0800020c                HardFault_Handler
                0x0800020c                PendSV_Handler
                0x0800020c                NMI_Handler
                0x0800020c                UsageFault_Handler
                0x0800020c                Default_Handler
                0x0800020c                MemManage_Handler
                0x0800020c                SVC_Handler
                0x0800020c                BusFault_Handler
 .text.gpio_write
                0x08000210       0x46 /tmp/cc6lYY7G.o
                0x08000210                gpio_write
 .text.gpio_set_mode
                0x08000256       0x60 /tmp/cc6lYY7G.o
                0x08000256                gpio_set_mode
 *fill*         0x080002b6        0x2 
 .text.SysTick_Handler
                0x080002b8       0x1c /tmp/ccdqlMUd.o
                0x080002b8                SysTick_Handler
 .text.blinkled
                0x080002d4       0xa4 /tmp/ccJ36UQp.o
                0x080002d4                blinkled
 *(.rodata)
 *(.rodata*)
                0x08000378                        . = ALIGN (0x4)
                0x08000378                        _etext = .
                0x08000378                        _sidata = LOADADDR (.data)

.glue_7         0x08000378        0x0
 .glue_7        0x08000378        0x0 linker stubs

.glue_7t        0x08000378        0x0
 .glue_7t       0x08000378        0x0 linker stubs

.vfp11_veneer   0x08000378        0x0
 .vfp11_veneer  0x08000378        0x0 linker stubs

.v4_bx          0x08000378        0x0
 .v4_bx         0x08000378        0x0 linker stubs

.iplt           0x08000378        0x0
 .iplt          0x08000378        0x0 /tmp/ccIwsRRK.o

.rel.dyn        0x08000378        0x0
 .rel.iplt      0x08000378        0x0 /tmp/ccIwsRRK.o

.data           0x20000000        0x0 load address 0x08000378
                0x20000000                        . = ALIGN (0x4)
                0x20000000                        _sdata = .
 *(.data)
 *(.data*)
                0x20000000                        . = ALIGN (0x4)
                0x20000000                        _edata = .

.igot.plt       0x20000000        0x0 load address 0x08000378
 .igot.plt      0x20000000        0x0 /tmp/ccIwsRRK.o

.bss            0x20000000        0x4 load address 0x08000378
                0x20000000                        . = ALIGN (0x4)
                0x20000000                        _sbss = .
 *(.bss)
 *(.bss*)
 .bss.s_ticks   0x20000000        0x4 /tmp/ccdqlMUd.o
                0x20000000                s_ticks
 *(COMMON)
                0x20000004                        . = ALIGN (0x4)
                0x20000004                        _ebss = .

._user_heap_stack
                0x20000004      0x604 load address 0x08000378
                0x20000008                        . = ALIGN (0x8)
 *fill*         0x20000004        0x4 
                0x20000208                        . = (. + _Min_Heap_Size)
 *fill*         0x20000008      0x200 
                0x20000608                        . = (. + _Min_Stack_Size)
 *fill*         0x20000208      0x400 
                0x20000608                        . = ALIGN (0x8)
OUTPUT(blink.elf elf32-littlearm)
LOAD linker stubs

.debug_info     0x00000000      0x76f
 .debug_info    0x00000000       0xf9 /tmp/ccIwsRRK.o
 .debug_info    0x000000f9       0xa9 /tmp/ccUlynan.o
 .debug_info    0x000001a2      0x1c2 /tmp/cc6lYY7G.o
 .debug_info    0x00000364      0x12c /tmp/ccdqlMUd.o
 .debug_info    0x00000490      0x2df /tmp/ccJ36UQp.o

.debug_abbrev   0x00000000      0x3b1
 .debug_abbrev  0x00000000       0x94 /tmp/ccIwsRRK.o
 .debug_abbrev  0x00000094       0x24 /tmp/ccUlynan.o
 .debug_abbrev  0x000000b8       0xf9 /tmp/cc6lYY7G.o
 .debug_abbrev  0x000001b1       0xec /tmp/ccdqlMUd.o
 .debug_abbrev  0x0000029d      0x114 /tmp/ccJ36UQp.o

.debug_aranges  0x00000000       0xb8
 .debug_aranges
                0x00000000       0x20 /tmp/ccIwsRRK.o
 .debug_aranges
                0x00000020       0x28 /tmp/ccUlynan.o
 .debug_aranges
                0x00000048       0x28 /tmp/cc6lYY7G.o
 .debug_aranges
                0x00000070       0x28 /tmp/ccdqlMUd.o
 .debug_aranges
                0x00000098       0x20 /tmp/ccJ36UQp.o

.debug_rnglists
                0x00000000       0x72
 .debug_rnglists
                0x00000000       0x13 /tmp/ccIwsRRK.o
 .debug_rnglists
                0x00000013       0x19 /tmp/ccUlynan.o
 .debug_rnglists
                0x0000002c       0x19 /tmp/cc6lYY7G.o
 .debug_rnglists
                0x00000045       0x19 /tmp/ccdqlMUd.o
 .debug_rnglists
                0x0000005e       0x14 /tmp/ccJ36UQp.o

.debug_macro    0x00000000     0x24a1
 .debug_macro   0x00000000      0x1fe /tmp/ccIwsRRK.o
 .debug_macro   0x000001fe      0xaba /tmp/ccIwsRRK.o
 .debug_macro   0x00000cb8       0x22 /tmp/ccIwsRRK.o
 .debug_macro   0x00000cda      0x34e /tmp/ccIwsRRK.o
 .debug_macro   0x00001028       0x22 /tmp/ccIwsRRK.o
 .debug_macro   0x0000104a       0x6e /tmp/ccIwsRRK.o
 .debug_macro   0x000010b8       0x24 /tmp/ccIwsRRK.o
 .debug_macro   0x000010dc       0x94 /tmp/ccIwsRRK.o
 .debug_macro   0x00001170       0x3c /tmp/ccIwsRRK.o
 .debug_macro   0x000011ac       0x34 /tmp/ccIwsRRK.o
 .debug_macro   0x000011e0       0x16 /tmp/ccIwsRRK.o
 .debug_macro   0x000011f6       0x57 /tmp/ccIwsRRK.o
 .debug_macro   0x0000124d       0x9e /tmp/ccIwsRRK.o
 .debug_macro   0x000012eb      0x364 /tmp/ccIwsRRK.o
 .debug_macro   0x0000164f      0x112 /tmp/ccIwsRRK.o
 .debug_macro   0x00001761       0x10 /tmp/ccIwsRRK.o
 .debug_macro   0x00001771       0x16 /tmp/ccIwsRRK.o
 .debug_macro   0x00001787       0x4a /tmp/ccIwsRRK.o
 .debug_macro   0x000017d1       0x34 /tmp/ccIwsRRK.o
 .debug_macro   0x00001805       0x10 /tmp/ccIwsRRK.o
 .debug_macro   0x00001815       0x58 /tmp/ccIwsRRK.o
 .debug_macro   0x0000186d      0x1de /tmp/ccIwsRRK.o
 .debug_macro   0x00001a4b       0x16 /tmp/ccIwsRRK.o
 .debug_macro   0x00001a61       0x16 /tmp/ccIwsRRK.o
 .debug_macro   0x00001a77      0x170 /tmp/ccIwsRRK.o
 .debug_macro   0x00001be7       0x10 /tmp/ccIwsRRK.o
 .debug_macro   0x00001bf7       0x6a /tmp/ccIwsRRK.o
 .debug_macro   0x00001c61       0x1c /tmp/ccIwsRRK.o
 .debug_macro   0x00001c7d       0x52 /tmp/ccIwsRRK.o
 .debug_macro   0x00001ccf       0x22 /tmp/ccIwsRRK.o
 .debug_macro   0x00001cf1       0x10 /tmp/ccIwsRRK.o
 .debug_macro   0x00001d01       0x52 /tmp/ccIwsRRK.o
 .debug_macro   0x00001d53       0xc1 /tmp/ccIwsRRK.o
 .debug_macro   0x00001e14       0x1c /tmp/ccIwsRRK.o
 .debug_macro   0x00001e30       0x3d /tmp/ccIwsRRK.o
 .debug_macro   0x00001e6d       0x1c /tmp/ccIwsRRK.o
 .debug_macro   0x00001e89       0x58 /tmp/ccIwsRRK.o
 .debug_macro   0x00001ee1       0x1c /tmp/ccIwsRRK.o
 .debug_macro   0x00001efd      0x1d3 /tmp/cc6lYY7G.o
 .debug_macro   0x000020d0      0x1d3 /tmp/ccdqlMUd.o
 .debug_macro   0x000022a3      0x1fe /tmp/ccJ36UQp.o

.debug_line     0x00000000     0x12a0
 .debug_line    0x00000000      0x52d /tmp/ccIwsRRK.o
 .debug_line    0x0000052d       0x71 /tmp/ccUlynan.o
 .debug_line    0x0000059e      0x405 /tmp/cc6lYY7G.o
 .debug_line    0x000009a3      0x3e0 /tmp/ccdqlMUd.o
 .debug_line    0x00000d83      0x51d /tmp/ccJ36UQp.o

.debug_str      0x00000000     0x7f45
 .debug_str     0x00000000     0x7f45 /tmp/ccIwsRRK.o
                               0x7ed7 (size before relaxing)
 .debug_str     0x00007f45       0xfd /tmp/ccUlynan.o
 .debug_str     0x00007f45     0x7ec2 /tmp/cc6lYY7G.o
 .debug_str     0x00007f45     0x7d70 /tmp/ccdqlMUd.o
 .debug_str     0x00007f45     0x7fea /tmp/ccJ36UQp.o

.comment        0x00000000       0x43
 .comment       0x00000000       0x43 /tmp/ccIwsRRK.o
                                 0x44 (size before relaxing)
 .comment       0x00000043       0x44 /tmp/cc6lYY7G.o
 .comment       0x00000043       0x44 /tmp/ccdqlMUd.o
 .comment       0x00000043       0x44 /tmp/ccJ36UQp.o

.ARM.attributes
                0x00000000       0x2c
 .ARM.attributes
                0x00000000       0x2e /tmp/ccIwsRRK.o
 .ARM.attributes
                0x0000002e       0x21 /tmp/ccUlynan.o
 .ARM.attributes
                0x0000004f       0x2e /tmp/cc6lYY7G.o
 .ARM.attributes
                0x0000007d       0x2e /tmp/ccdqlMUd.o
 .ARM.attributes
                0x000000ab       0x2e /tmp/ccJ36UQp.o

.debug_frame    0x00000000      0x104
 .debug_frame   0x00000000       0x2c /tmp/ccIwsRRK.o
 .debug_frame   0x0000002c       0x58 /tmp/cc6lYY7G.o
 .debug_frame   0x00000084       0x50 /tmp/ccdqlMUd.o
 .debug_frame   0x000000d4       0x30 /tmp/ccJ36UQp.o

.debug_line_str
                0x00000000       0x41
 .debug_line_str
                0x00000000       0x41 /tmp/ccUlynan.o
