
Discarded input sections

 .group         0x00000000        0xc /tmp/ccWXMXH7.o
 .group         0x00000000        0xc /tmp/ccWXMXH7.o
 .group         0x00000000        0xc /tmp/ccWXMXH7.o
 .group         0x00000000        0xc /tmp/ccWXMXH7.o
 .group         0x00000000        0xc /tmp/ccWXMXH7.o
 .group         0x00000000        0xc /tmp/ccWXMXH7.o
 .group         0x00000000        0xc /tmp/ccWXMXH7.o
 .group         0x00000000        0xc /tmp/ccWXMXH7.o
 .group         0x00000000        0xc /tmp/ccWXMXH7.o
 .group         0x00000000        0xc /tmp/ccWXMXH7.o
 .group         0x00000000        0xc /tmp/ccWXMXH7.o
 .group         0x00000000        0xc /tmp/ccWXMXH7.o
 .group         0x00000000        0xc /tmp/ccWXMXH7.o
 .group         0x00000000        0xc /tmp/ccWXMXH7.o
 .group         0x00000000        0xc /tmp/ccWXMXH7.o
 .group         0x00000000        0xc /tmp/ccWXMXH7.o
 .group         0x00000000        0xc /tmp/ccWXMXH7.o
 .group         0x00000000        0xc /tmp/ccWXMXH7.o
 .group         0x00000000        0xc /tmp/ccWXMXH7.o
 .group         0x00000000        0xc /tmp/ccWXMXH7.o
 .group         0x00000000        0xc /tmp/ccWXMXH7.o
 .group         0x00000000        0xc /tmp/ccWXMXH7.o
 .group         0x00000000        0xc /tmp/ccWXMXH7.o
 .group         0x00000000        0xc /tmp/ccWXMXH7.o
 .group         0x00000000        0xc /tmp/ccWXMXH7.o
 .group         0x00000000        0xc /tmp/ccWXMXH7.o
 .group         0x00000000        0xc /tmp/ccWXMXH7.o
 .group         0x00000000        0xc /tmp/ccWXMXH7.o
 .group         0x00000000        0xc /tmp/ccWXMXH7.o
 .group         0x00000000        0xc /tmp/ccWXMXH7.o
 .group         0x00000000        0xc /tmp/ccWXMXH7.o
 .group         0x00000000        0xc /tmp/ccWXMXH7.o
 .group         0x00000000        0xc /tmp/ccWXMXH7.o
 .group         0x00000000        0xc /tmp/ccWXMXH7.o
 .group         0x00000000        0xc /tmp/ccWXMXH7.o
 .group         0x00000000        0xc /tmp/ccWXMXH7.o
 .group         0x00000000        0xc /tmp/ccWXMXH7.o
 .group         0x00000000        0xc /tmp/ccWXMXH7.o
 .text          0x00000000        0x0 /tmp/ccWXMXH7.o
 .data          0x00000000        0x0 /tmp/ccWXMXH7.o
 .bss           0x00000000        0x0 /tmp/ccWXMXH7.o
 .text          0x00000000        0x0 /tmp/cccB03Db.o
 .data          0x00000000        0x0 /tmp/cccB03Db.o
 .bss           0x00000000        0x0 /tmp/cccB03Db.o
 .group         0x00000000        0xc /tmp/ccBKnexY.o
 .group         0x00000000        0xc /tmp/ccBKnexY.o
 .group         0x00000000        0xc /tmp/ccBKnexY.o
 .group         0x00000000        0xc /tmp/ccBKnexY.o
 .group         0x00000000        0xc /tmp/ccBKnexY.o
 .group         0x00000000        0xc /tmp/ccBKnexY.o
 .group         0x00000000        0xc /tmp/ccBKnexY.o
 .group         0x00000000        0xc /tmp/ccBKnexY.o
 .group         0x00000000        0xc /tmp/ccBKnexY.o
 .group         0x00000000        0xc /tmp/ccBKnexY.o
 .group         0x00000000        0xc /tmp/ccBKnexY.o
 .group         0x00000000        0xc /tmp/ccBKnexY.o
 .group         0x00000000        0xc /tmp/ccBKnexY.o
 .group         0x00000000        0xc /tmp/ccBKnexY.o
 .group         0x00000000        0xc /tmp/ccBKnexY.o
 .group         0x00000000        0xc /tmp/ccBKnexY.o
 .group         0x00000000        0xc /tmp/ccBKnexY.o
 .group         0x00000000        0xc /tmp/ccBKnexY.o
 .group         0x00000000        0xc /tmp/ccBKnexY.o
 .group         0x00000000        0xc /tmp/ccBKnexY.o
 .group         0x00000000        0xc /tmp/ccBKnexY.o
 .group         0x00000000        0xc /tmp/ccBKnexY.o
 .group         0x00000000        0xc /tmp/ccBKnexY.o
 .group         0x00000000        0xc /tmp/ccBKnexY.o
 .group         0x00000000        0xc /tmp/ccBKnexY.o
 .group         0x00000000        0xc /tmp/ccBKnexY.o
 .group         0x00000000        0xc /tmp/ccBKnexY.o
 .group         0x00000000        0xc /tmp/ccBKnexY.o
 .group         0x00000000        0xc /tmp/ccBKnexY.o
 .group         0x00000000        0xc /tmp/ccBKnexY.o
 .group         0x00000000        0xc /tmp/ccBKnexY.o
 .group         0x00000000        0xc /tmp/ccBKnexY.o
 .group         0x00000000        0xc /tmp/ccBKnexY.o
 .group         0x00000000        0xc /tmp/ccBKnexY.o
 .group         0x00000000        0xc /tmp/ccBKnexY.o
 .group         0x00000000        0xc /tmp/ccBKnexY.o
 .text          0x00000000        0x0 /tmp/ccBKnexY.o
 .data          0x00000000        0x0 /tmp/ccBKnexY.o
 .bss           0x00000000        0x0 /tmp/ccBKnexY.o
 .debug_macro   0x00000000      0xac6 /tmp/ccBKnexY.o
 .debug_macro   0x00000000       0x22 /tmp/ccBKnexY.o
 .debug_macro   0x00000000      0x34e /tmp/ccBKnexY.o
 .debug_macro   0x00000000       0x22 /tmp/ccBKnexY.o
 .debug_macro   0x00000000       0x6e /tmp/ccBKnexY.o
 .debug_macro   0x00000000       0x2a /tmp/ccBKnexY.o
 .debug_macro   0x00000000       0x94 /tmp/ccBKnexY.o
 .debug_macro   0x00000000       0x3c /tmp/ccBKnexY.o
 .debug_macro   0x00000000       0x34 /tmp/ccBKnexY.o
 .debug_macro   0x00000000       0x16 /tmp/ccBKnexY.o
 .debug_macro   0x00000000       0x57 /tmp/ccBKnexY.o
 .debug_macro   0x00000000       0x9e /tmp/ccBKnexY.o
 .debug_macro   0x00000000      0x364 /tmp/ccBKnexY.o
 .debug_macro   0x00000000      0x112 /tmp/ccBKnexY.o
 .debug_macro   0x00000000       0x10 /tmp/ccBKnexY.o
 .debug_macro   0x00000000       0x16 /tmp/ccBKnexY.o
 .debug_macro   0x00000000       0x4a /tmp/ccBKnexY.o
 .debug_macro   0x00000000       0x34 /tmp/ccBKnexY.o
 .debug_macro   0x00000000       0x10 /tmp/ccBKnexY.o
 .debug_macro   0x00000000       0x58 /tmp/ccBKnexY.o
 .debug_macro   0x00000000      0x1de /tmp/ccBKnexY.o
 .debug_macro   0x00000000       0x16 /tmp/ccBKnexY.o
 .debug_macro   0x00000000       0x16 /tmp/ccBKnexY.o
 .debug_macro   0x00000000      0x170 /tmp/ccBKnexY.o
 .debug_macro   0x00000000       0x10 /tmp/ccBKnexY.o
 .debug_macro   0x00000000       0x6a /tmp/ccBKnexY.o
 .debug_macro   0x00000000       0x1c /tmp/ccBKnexY.o
 .debug_macro   0x00000000       0x52 /tmp/ccBKnexY.o
 .debug_macro   0x00000000       0x22 /tmp/ccBKnexY.o
 .debug_macro   0x00000000       0x10 /tmp/ccBKnexY.o
 .debug_macro   0x00000000       0x52 /tmp/ccBKnexY.o
 .debug_macro   0x00000000       0xc1 /tmp/ccBKnexY.o
 .debug_macro   0x00000000       0x1c /tmp/ccBKnexY.o
 .debug_macro   0x00000000       0x3d /tmp/ccBKnexY.o
 .debug_macro   0x00000000       0x1c /tmp/ccBKnexY.o
 .debug_macro   0x00000000       0x40 /tmp/ccBKnexY.o
 .group         0x00000000        0xc /tmp/cc41wWK9.o
 .group         0x00000000        0xc /tmp/cc41wWK9.o
 .group         0x00000000        0xc /tmp/cc41wWK9.o
 .group         0x00000000        0xc /tmp/cc41wWK9.o
 .group         0x00000000        0xc /tmp/cc41wWK9.o
 .group         0x00000000        0xc /tmp/cc41wWK9.o
 .group         0x00000000        0xc /tmp/cc41wWK9.o
 .group         0x00000000        0xc /tmp/cc41wWK9.o
 .group         0x00000000        0xc /tmp/cc41wWK9.o
 .group         0x00000000        0xc /tmp/cc41wWK9.o
 .group         0x00000000        0xc /tmp/cc41wWK9.o
 .group         0x00000000        0xc /tmp/cc41wWK9.o
 .group         0x00000000        0xc /tmp/cc41wWK9.o
 .group         0x00000000        0xc /tmp/cc41wWK9.o
 .group         0x00000000        0xc /tmp/cc41wWK9.o
 .group         0x00000000        0xc /tmp/cc41wWK9.o
 .group         0x00000000        0xc /tmp/cc41wWK9.o
 .group         0x00000000        0xc /tmp/cc41wWK9.o
 .group         0x00000000        0xc /tmp/cc41wWK9.o
 .group         0x00000000        0xc /tmp/cc41wWK9.o
 .group         0x00000000        0xc /tmp/cc41wWK9.o
 .group         0x00000000        0xc /tmp/cc41wWK9.o
 .group         0x00000000        0xc /tmp/cc41wWK9.o
 .group         0x00000000        0xc /tmp/cc41wWK9.o
 .group         0x00000000        0xc /tmp/cc41wWK9.o
 .group         0x00000000        0xc /tmp/cc41wWK9.o
 .group         0x00000000        0xc /tmp/cc41wWK9.o
 .group         0x00000000        0xc /tmp/cc41wWK9.o
 .group         0x00000000        0xc /tmp/cc41wWK9.o
 .group         0x00000000        0xc /tmp/cc41wWK9.o
 .group         0x00000000        0xc /tmp/cc41wWK9.o
 .group         0x00000000        0xc /tmp/cc41wWK9.o
 .group         0x00000000        0xc /tmp/cc41wWK9.o
 .group         0x00000000        0xc /tmp/cc41wWK9.o
 .group         0x00000000        0xc /tmp/cc41wWK9.o
 .group         0x00000000        0xc /tmp/cc41wWK9.o
 .group         0x00000000        0xc /tmp/cc41wWK9.o
 .group         0x00000000        0xc /tmp/cc41wWK9.o
 .text          0x00000000        0x0 /tmp/cc41wWK9.o
 .data          0x00000000        0x0 /tmp/cc41wWK9.o
 .bss           0x00000000        0x0 /tmp/cc41wWK9.o
 .debug_macro   0x00000000      0xac6 /tmp/cc41wWK9.o
 .debug_macro   0x00000000       0x22 /tmp/cc41wWK9.o
 .debug_macro   0x00000000      0x34e /tmp/cc41wWK9.o
 .debug_macro   0x00000000       0x22 /tmp/cc41wWK9.o
 .debug_macro   0x00000000       0x6e /tmp/cc41wWK9.o
 .debug_macro   0x00000000       0x2a /tmp/cc41wWK9.o
 .debug_macro   0x00000000       0x94 /tmp/cc41wWK9.o
 .debug_macro   0x00000000       0x3c /tmp/cc41wWK9.o
 .debug_macro   0x00000000       0x34 /tmp/cc41wWK9.o
 .debug_macro   0x00000000       0x16 /tmp/cc41wWK9.o
 .debug_macro   0x00000000       0x57 /tmp/cc41wWK9.o
 .debug_macro   0x00000000       0x9e /tmp/cc41wWK9.o
 .debug_macro   0x00000000      0x364 /tmp/cc41wWK9.o
 .debug_macro   0x00000000      0x112 /tmp/cc41wWK9.o
 .debug_macro   0x00000000       0x10 /tmp/cc41wWK9.o
 .debug_macro   0x00000000       0x16 /tmp/cc41wWK9.o
 .debug_macro   0x00000000       0x4a /tmp/cc41wWK9.o
 .debug_macro   0x00000000       0x34 /tmp/cc41wWK9.o
 .debug_macro   0x00000000       0x10 /tmp/cc41wWK9.o
 .debug_macro   0x00000000       0x58 /tmp/cc41wWK9.o
 .debug_macro   0x00000000      0x1de /tmp/cc41wWK9.o
 .debug_macro   0x00000000       0x16 /tmp/cc41wWK9.o
 .debug_macro   0x00000000       0x16 /tmp/cc41wWK9.o
 .debug_macro   0x00000000      0x170 /tmp/cc41wWK9.o
 .debug_macro   0x00000000       0x10 /tmp/cc41wWK9.o
 .debug_macro   0x00000000       0x6a /tmp/cc41wWK9.o
 .debug_macro   0x00000000       0x1c /tmp/cc41wWK9.o
 .debug_macro   0x00000000       0x52 /tmp/cc41wWK9.o
 .debug_macro   0x00000000       0x22 /tmp/cc41wWK9.o
 .debug_macro   0x00000000       0x10 /tmp/cc41wWK9.o
 .debug_macro   0x00000000       0x52 /tmp/cc41wWK9.o
 .debug_macro   0x00000000       0xc1 /tmp/cc41wWK9.o
 .debug_macro   0x00000000       0x1c /tmp/cc41wWK9.o
 .debug_macro   0x00000000       0x3d /tmp/cc41wWK9.o
 .debug_macro   0x00000000       0x1c /tmp/cc41wWK9.o
 .debug_macro   0x00000000       0x22 /tmp/cc41wWK9.o
 .debug_macro   0x00000000       0x40 /tmp/cc41wWK9.o
 .debug_macro   0x00000000       0x1c /tmp/cc41wWK9.o
 .group         0x00000000        0xc /tmp/ccWXStHt.o
 .group         0x00000000        0xc /tmp/ccWXStHt.o
 .group         0x00000000        0xc /tmp/ccWXStHt.o
 .group         0x00000000        0xc /tmp/ccWXStHt.o
 .group         0x00000000        0xc /tmp/ccWXStHt.o
 .group         0x00000000        0xc /tmp/ccWXStHt.o
 .group         0x00000000        0xc /tmp/ccWXStHt.o
 .group         0x00000000        0xc /tmp/ccWXStHt.o
 .group         0x00000000        0xc /tmp/ccWXStHt.o
 .group         0x00000000        0xc /tmp/ccWXStHt.o
 .group         0x00000000        0xc /tmp/ccWXStHt.o
 .group         0x00000000        0xc /tmp/ccWXStHt.o
 .group         0x00000000        0xc /tmp/ccWXStHt.o
 .group         0x00000000        0xc /tmp/ccWXStHt.o
 .group         0x00000000        0xc /tmp/ccWXStHt.o
 .group         0x00000000        0xc /tmp/ccWXStHt.o
 .group         0x00000000        0xc /tmp/ccWXStHt.o
 .group         0x00000000        0xc /tmp/ccWXStHt.o
 .group         0x00000000        0xc /tmp/ccWXStHt.o
 .group         0x00000000        0xc /tmp/ccWXStHt.o
 .group         0x00000000        0xc /tmp/ccWXStHt.o
 .group         0x00000000        0xc /tmp/ccWXStHt.o
 .group         0x00000000        0xc /tmp/ccWXStHt.o
 .group         0x00000000        0xc /tmp/ccWXStHt.o
 .group         0x00000000        0xc /tmp/ccWXStHt.o
 .group         0x00000000        0xc /tmp/ccWXStHt.o
 .group         0x00000000        0xc /tmp/ccWXStHt.o
 .group         0x00000000        0xc /tmp/ccWXStHt.o
 .group         0x00000000        0xc /tmp/ccWXStHt.o
 .group         0x00000000        0xc /tmp/ccWXStHt.o
 .group         0x00000000        0xc /tmp/ccWXStHt.o
 .group         0x00000000        0xc /tmp/ccWXStHt.o
 .group         0x00000000        0xc /tmp/ccWXStHt.o
 .group         0x00000000        0xc /tmp/ccWXStHt.o
 .group         0x00000000        0xc /tmp/ccWXStHt.o
 .group         0x00000000        0xc /tmp/ccWXStHt.o
 .text          0x00000000        0x0 /tmp/ccWXStHt.o
 .data          0x00000000        0x0 /tmp/ccWXStHt.o
 .bss           0x00000000        0x0 /tmp/ccWXStHt.o
 .debug_macro   0x00000000      0xac6 /tmp/ccWXStHt.o
 .debug_macro   0x00000000       0x22 /tmp/ccWXStHt.o
 .debug_macro   0x00000000      0x34e /tmp/ccWXStHt.o
 .debug_macro   0x00000000       0x22 /tmp/ccWXStHt.o
 .debug_macro   0x00000000       0x6e /tmp/ccWXStHt.o
 .debug_macro   0x00000000       0x2a /tmp/ccWXStHt.o
 .debug_macro   0x00000000       0x94 /tmp/ccWXStHt.o
 .debug_macro   0x00000000       0x3c /tmp/ccWXStHt.o
 .debug_macro   0x00000000       0x34 /tmp/ccWXStHt.o
 .debug_macro   0x00000000       0x16 /tmp/ccWXStHt.o
 .debug_macro   0x00000000       0x57 /tmp/ccWXStHt.o
 .debug_macro   0x00000000       0x9e /tmp/ccWXStHt.o
 .debug_macro   0x00000000      0x364 /tmp/ccWXStHt.o
 .debug_macro   0x00000000      0x112 /tmp/ccWXStHt.o
 .debug_macro   0x00000000       0x10 /tmp/ccWXStHt.o
 .debug_macro   0x00000000       0x16 /tmp/ccWXStHt.o
 .debug_macro   0x00000000       0x4a /tmp/ccWXStHt.o
 .debug_macro   0x00000000       0x34 /tmp/ccWXStHt.o
 .debug_macro   0x00000000       0x10 /tmp/ccWXStHt.o
 .debug_macro   0x00000000       0x58 /tmp/ccWXStHt.o
 .debug_macro   0x00000000      0x1de /tmp/ccWXStHt.o
 .debug_macro   0x00000000       0x16 /tmp/ccWXStHt.o
 .debug_macro   0x00000000       0x16 /tmp/ccWXStHt.o
 .debug_macro   0x00000000      0x170 /tmp/ccWXStHt.o
 .debug_macro   0x00000000       0x10 /tmp/ccWXStHt.o
 .debug_macro   0x00000000       0x6a /tmp/ccWXStHt.o
 .debug_macro   0x00000000       0x1c /tmp/ccWXStHt.o
 .debug_macro   0x00000000       0x52 /tmp/ccWXStHt.o
 .debug_macro   0x00000000       0x22 /tmp/ccWXStHt.o
 .debug_macro   0x00000000       0x10 /tmp/ccWXStHt.o
 .debug_macro   0x00000000       0x52 /tmp/ccWXStHt.o
 .debug_macro   0x00000000       0xc1 /tmp/ccWXStHt.o
 .debug_macro   0x00000000       0x1c /tmp/ccWXStHt.o
 .debug_macro   0x00000000       0x3d /tmp/ccWXStHt.o
 .debug_macro   0x00000000       0x1c /tmp/ccWXStHt.o
 .debug_macro   0x00000000       0x22 /tmp/ccWXStHt.o
 .group         0x00000000        0xc /tmp/ccKq7Lh0.o
 .group         0x00000000        0xc /tmp/ccKq7Lh0.o
 .group         0x00000000        0xc /tmp/ccKq7Lh0.o
 .group         0x00000000        0xc /tmp/ccKq7Lh0.o
 .group         0x00000000        0xc /tmp/ccKq7Lh0.o
 .group         0x00000000        0xc /tmp/ccKq7Lh0.o
 .group         0x00000000        0xc /tmp/ccKq7Lh0.o
 .group         0x00000000        0xc /tmp/ccKq7Lh0.o
 .group         0x00000000        0xc /tmp/ccKq7Lh0.o
 .group         0x00000000        0xc /tmp/ccKq7Lh0.o
 .group         0x00000000        0xc /tmp/ccKq7Lh0.o
 .group         0x00000000        0xc /tmp/ccKq7Lh0.o
 .group         0x00000000        0xc /tmp/ccKq7Lh0.o
 .group         0x00000000        0xc /tmp/ccKq7Lh0.o
 .group         0x00000000        0xc /tmp/ccKq7Lh0.o
 .group         0x00000000        0xc /tmp/ccKq7Lh0.o
 .group         0x00000000        0xc /tmp/ccKq7Lh0.o
 .group         0x00000000        0xc /tmp/ccKq7Lh0.o
 .group         0x00000000        0xc /tmp/ccKq7Lh0.o
 .group         0x00000000        0xc /tmp/ccKq7Lh0.o
 .group         0x00000000        0xc /tmp/ccKq7Lh0.o
 .group         0x00000000        0xc /tmp/ccKq7Lh0.o
 .group         0x00000000        0xc /tmp/ccKq7Lh0.o
 .group         0x00000000        0xc /tmp/ccKq7Lh0.o
 .group         0x00000000        0xc /tmp/ccKq7Lh0.o
 .group         0x00000000        0xc /tmp/ccKq7Lh0.o
 .group         0x00000000        0xc /tmp/ccKq7Lh0.o
 .group         0x00000000        0xc /tmp/ccKq7Lh0.o
 .group         0x00000000        0xc /tmp/ccKq7Lh0.o
 .group         0x00000000        0xc /tmp/ccKq7Lh0.o
 .group         0x00000000        0xc /tmp/ccKq7Lh0.o
 .group         0x00000000        0xc /tmp/ccKq7Lh0.o
 .group         0x00000000        0xc /tmp/ccKq7Lh0.o
 .group         0x00000000        0xc /tmp/ccKq7Lh0.o
 .group         0x00000000        0xc /tmp/ccKq7Lh0.o
 .group         0x00000000        0xc /tmp/ccKq7Lh0.o
 .group         0x00000000        0xc /tmp/ccKq7Lh0.o
 .text          0x00000000        0x0 /tmp/ccKq7Lh0.o
 .data          0x00000000        0x0 /tmp/ccKq7Lh0.o
 .bss           0x00000000        0x0 /tmp/ccKq7Lh0.o
 .debug_macro   0x00000000      0xac6 /tmp/ccKq7Lh0.o
 .debug_macro   0x00000000       0x22 /tmp/ccKq7Lh0.o
 .debug_macro   0x00000000      0x34e /tmp/ccKq7Lh0.o
 .debug_macro   0x00000000       0x22 /tmp/ccKq7Lh0.o
 .debug_macro   0x00000000       0x6e /tmp/ccKq7Lh0.o
 .debug_macro   0x00000000       0x2a /tmp/ccKq7Lh0.o
 .debug_macro   0x00000000       0x94 /tmp/ccKq7Lh0.o
 .debug_macro   0x00000000       0x3c /tmp/ccKq7Lh0.o
 .debug_macro   0x00000000       0x34 /tmp/ccKq7Lh0.o
 .debug_macro   0x00000000       0x16 /tmp/ccKq7Lh0.o
 .debug_macro   0x00000000       0x57 /tmp/ccKq7Lh0.o
 .debug_macro   0x00000000       0x9e /tmp/ccKq7Lh0.o
 .debug_macro   0x00000000      0x364 /tmp/ccKq7Lh0.o
 .debug_macro   0x00000000      0x112 /tmp/ccKq7Lh0.o
 .debug_macro   0x00000000       0x10 /tmp/ccKq7Lh0.o
 .debug_macro   0x00000000       0x16 /tmp/ccKq7Lh0.o
 .debug_macro   0x00000000       0x4a /tmp/ccKq7Lh0.o
 .debug_macro   0x00000000       0x34 /tmp/ccKq7Lh0.o
 .debug_macro   0x00000000       0x10 /tmp/ccKq7Lh0.o
 .debug_macro   0x00000000       0x58 /tmp/ccKq7Lh0.o
 .debug_macro   0x00000000      0x1de /tmp/ccKq7Lh0.o
 .debug_macro   0x00000000       0x16 /tmp/ccKq7Lh0.o
 .debug_macro   0x00000000       0x16 /tmp/ccKq7Lh0.o
 .debug_macro   0x00000000      0x170 /tmp/ccKq7Lh0.o
 .debug_macro   0x00000000       0x10 /tmp/ccKq7Lh0.o
 .debug_macro   0x00000000       0x6a /tmp/ccKq7Lh0.o
 .debug_macro   0x00000000       0x1c /tmp/ccKq7Lh0.o
 .debug_macro   0x00000000       0x52 /tmp/ccKq7Lh0.o
 .debug_macro   0x00000000       0x22 /tmp/ccKq7Lh0.o
 .debug_macro   0x00000000       0x10 /tmp/ccKq7Lh0.o
 .debug_macro   0x00000000       0x52 /tmp/ccKq7Lh0.o
 .debug_macro   0x00000000       0xc1 /tmp/ccKq7Lh0.o
 .debug_macro   0x00000000       0x1c /tmp/ccKq7Lh0.o
 .debug_macro   0x00000000       0x3d /tmp/ccKq7Lh0.o
 .debug_macro   0x00000000       0x1c /tmp/ccKq7Lh0.o
 .debug_macro   0x00000000       0x40 /tmp/ccKq7Lh0.o
 .debug_macro   0x00000000       0x22 /tmp/ccKq7Lh0.o

Memory Configuration

Name             Origin             Length             Attributes
FLASH            0x08000000         0x00080000         xr
RAM              0x20000000         0x00020000         xrw
*default*        0x00000000         0xffffffff

Linker script and memory map

LOAD /tmp/ccWXMXH7.o
LOAD /tmp/cccB03Db.o
LOAD /tmp/ccBKnexY.o
LOAD /tmp/cc41wWK9.o
LOAD /tmp/ccWXStHt.o
LOAD /tmp/ccKq7Lh0.o
                0x20020000                        _estack = (ORIGIN (RAM) + LENGTH (RAM))
                0x00000200                        _Min_Heap_Size = 0x200
                0x00000400                        _Min_Stack_Size = 0x400

.isr_vector     0x08000000      0x198
                0x08000000                        . = ALIGN (0x4)
 *(.isr_vector)
 .isr_vector    0x08000000      0x198 /tmp/cccB03Db.o
                0x08000000                g_pfnVectors
                0x08000198                        . = ALIGN (0x4)

.text           0x08000198      0x224
                0x08000198                        . = ALIGN (0x4)
 *(.text)
 *(.text*)
 .text.main     0x08000198       0x20 /tmp/ccWXMXH7.o
                0x08000198                main
 .text.Reset_Handler
                0x080001b8       0x48 /tmp/cccB03Db.o
                0x080001b8                Reset_Handler
 .text.Default_Handler
                0x08000200        0x4 /tmp/cccB03Db.o
                0x08000200                RTC_WKUP_Handler
                0x08000200                FLASH_Handler
                0x08000200                DebugMon_Handler
                0x08000200                DMA2_Stream7_Handler
                0x08000200                HardFault_Handler
                0x08000200                DMA2_Stream3_Handler
                0x08000200                PendSV_Handler
                0x08000200                NMI_Handler
                0x08000200                EXTI15_10_Handler
                0x08000200                ADC_Handler
                0x08000200                I2C1_EV_Handler
                0x08000200                TAMP_STAMP_Handler
                0x08000200                I2C3_ER_Handler
                0x08000200                WWDG_Handler
                0x08000200                EXTI4_Handler
                0x08000200                I2C3_EV_Handler
                0x08000200                DMA1_Stream1_Handler
                0x08000200                DMA2_Stream4_Handler
                0x08000200                DMA1_Stream7_Handler
                0x08000200                OTG_FS_Handler
                0x08000200                TIM1_BRK_TIM9_Handler
                0x08000200                I2C1_ER_Handler
                0x08000200                DMA1_Stream3_Handler
                0x08000200                UsageFault_Handler
                0x08000200                TIM1_UP_TIM10_Handler
                0x08000200                TIM1_CC_Handler
                0x08000200                I2C2_ER_Handler
                0x08000200                USART6_Handler
                0x08000200                DMA1_Stream0_Handler
                0x08000200                EXTI1_Handler
                0x08000200                EXTI3_Handler
                0x08000200                EXTI2_Handler
                0x08000200                EXTI9_5_Handler
                0x08000200                TIM2_Handler
                0x08000200                USART1_Handler
                0x08000200                TIM3_Handler
                0x08000200                DMA2_Stream6_Handler
                0x08000200                Default_Handler
                0x08000200                TIM1_TRG_COM_TIM11_Handler
                0x08000200                RTC_Alarm_Handler
                0x08000200                TIM4_Handler
                0x08000200                SPI2_Handler
                0x08000200                DMA2_Stream1_Handler
                0x08000200                DMA1_Stream2_Handler
                0x08000200                MemManage_Handler
                0x08000200                EXTI0_Handler
                0x08000200                SVC_Handler
                0x08000200                DMA2_Stream5_Handler
                0x08000200                DMA1_Stream6_Handler
                0x08000200                SDIO_Handler
                0x08000200                USART2_Handler
                0x08000200                SPI1_Handler
                0x08000200                I2C2_EV_Handler
                0x08000200                DMA2_Stream2_Handler
                0x08000200                SPI3_Handler
                0x08000200                DMA2_Stream0_Handler
                0x08000200                RCC_Handler
                0x08000200                PVD_Handler
                0x08000200                DMA1_Stream5_Handler
                0x08000200                TIM5_Handler
                0x08000200                FPU_Handler
                0x08000200                BusFault_Handler
                0x08000200                SPI5_Handler
                0x08000200                DMA1_Stream4_Handler
                0x08000200                OTG_FS_WKUP_Handler
                0x08000200                SPI4_Handler
 .text.gpio_write
                0x08000204       0x20 /tmp/ccBKnexY.o
                0x08000204                gpio_write
 .text.gpio_set_mode
                0x08000224       0x2e /tmp/ccBKnexY.o
                0x08000224                gpio_set_mode
 *fill*         0x08000252        0x2 
 .text.hse_enable
                0x08000254       0x20 /tmp/cc41wWK9.o
                0x08000254                hse_enable
 .text.pll_enable
                0x08000274       0x20 /tmp/cc41wWK9.o
                0x08000274                pll_enable
 .text.system_clock_init
                0x08000294       0x8c /tmp/cc41wWK9.o
                0x08000294                system_clock_init
 .text.systick_init
                0x08000320       0x3c /tmp/ccWXStHt.o
                0x08000320                systick_init
 .text.SysTick_Handler
                0x0800035c       0x10 /tmp/ccWXStHt.o
                0x0800035c                SysTick_Handler
 .text.blinkled
                0x0800036c       0x50 /tmp/ccKq7Lh0.o
                0x0800036c                blinkled
 *(.rodata)
 *(.rodata*)
                0x080003bc                        . = ALIGN (0x4)
                0x080003bc                        _etext = .
                0x080003bc                        _sidata = LOADADDR (.data)

.glue_7         0x080003bc        0x0
 .glue_7        0x080003bc        0x0 linker stubs

.glue_7t        0x080003bc        0x0
 .glue_7t       0x080003bc        0x0 linker stubs

.vfp11_veneer   0x080003bc        0x0
 .vfp11_veneer  0x080003bc        0x0 linker stubs

.v4_bx          0x080003bc        0x0
 .v4_bx         0x080003bc        0x0 linker stubs

.iplt           0x080003bc        0x0
 .iplt          0x080003bc        0x0 /tmp/ccWXMXH7.o

.rel.dyn        0x080003bc        0x0
 .rel.iplt      0x080003bc        0x0 /tmp/ccWXMXH7.o

.data           0x20000000        0x0 load address 0x080003bc
                0x20000000                        . = ALIGN (0x4)
                0x20000000                        _sdata = .
 *(.data)
 *(.data*)
                0x20000000                        . = ALIGN (0x4)
                0x20000000                        _edata = .

.igot.plt       0x20000000        0x0 load address 0x080003bc
 .igot.plt      0x20000000        0x0 /tmp/ccWXMXH7.o

.bss            0x20000000        0x4 load address 0x080003bc
                0x20000000                        . = ALIGN (0x4)
                0x20000000                        _sbss = .
 *(.bss)
 *(.bss*)
 .bss.s_ticks   0x20000000        0x4 /tmp/ccWXStHt.o
                0x20000000                s_ticks
 *(COMMON)
                0x20000004                        . = ALIGN (0x4)
                0x20000004                        _ebss = .

._user_heap_stack
                0x20000004      0x604 load address 0x080003bc
                0x20000008                        . = ALIGN (0x8)
 *fill*         0x20000004        0x4 
                0x20000208                        . = (. + _Min_Heap_Size)
 *fill*         0x20000008      0x200 
                0x20000608                        . = (. + _Min_Stack_Size)
 *fill*         0x20000208      0x400 
                0x20000608                        . = ALIGN (0x8)
OUTPUT(build.elf elf32-littlearm)
LOAD linker stubs

.debug_info     0x00000000     0x329a
 .debug_info    0x00000000      0x17b /tmp/ccWXMXH7.o
 .debug_info    0x0000017b      0x355 /tmp/cccB03Db.o
 .debug_info    0x000004d0      0xaa0 /tmp/ccBKnexY.o
 .debug_info    0x00000f70     0x14fc /tmp/cc41wWK9.o
 .debug_info    0x0000246c      0x210 /tmp/ccWXStHt.o
 .debug_info    0x0000267c      0xc1e /tmp/ccKq7Lh0.o

.debug_abbrev   0x00000000      0x7e1
 .debug_abbrev  0x00000000       0xe1 /tmp/ccWXMXH7.o
 .debug_abbrev  0x000000e1       0x24 /tmp/cccB03Db.o
 .debug_abbrev  0x00000105      0x195 /tmp/ccBKnexY.o
 .debug_abbrev  0x0000029a      0x209 /tmp/cc41wWK9.o
 .debug_abbrev  0x000004a3      0x132 /tmp/ccWXStHt.o
 .debug_abbrev  0x000005d5      0x20c /tmp/ccKq7Lh0.o

.debug_aranges  0x00000000       0xe8
 .debug_aranges
                0x00000000       0x20 /tmp/ccWXMXH7.o
 .debug_aranges
                0x00000020       0x28 /tmp/cccB03Db.o
 .debug_aranges
                0x00000048       0x28 /tmp/ccBKnexY.o
 .debug_aranges
                0x00000070       0x30 /tmp/cc41wWK9.o
 .debug_aranges
                0x000000a0       0x28 /tmp/ccWXStHt.o
 .debug_aranges
                0x000000c8       0x20 /tmp/ccKq7Lh0.o

.debug_rnglists
                0x00000000       0x91
 .debug_rnglists
                0x00000000       0x13 /tmp/ccWXMXH7.o
 .debug_rnglists
                0x00000013       0x19 /tmp/cccB03Db.o
 .debug_rnglists
                0x0000002c       0x19 /tmp/ccBKnexY.o
 .debug_rnglists
                0x00000045       0x20 /tmp/cc41wWK9.o
 .debug_rnglists
                0x00000065       0x19 /tmp/ccWXStHt.o
 .debug_rnglists
                0x0000007e       0x13 /tmp/ccKq7Lh0.o

.debug_macro    0x00000000     0x277a
 .debug_macro   0x00000000      0x264 /tmp/ccWXMXH7.o
 .debug_macro   0x00000264      0xac6 /tmp/ccWXMXH7.o
 .debug_macro   0x00000d2a       0x22 /tmp/ccWXMXH7.o
 .debug_macro   0x00000d4c      0x34e /tmp/ccWXMXH7.o
 .debug_macro   0x0000109a       0x22 /tmp/ccWXMXH7.o
 .debug_macro   0x000010bc       0x6e /tmp/ccWXMXH7.o
 .debug_macro   0x0000112a       0x2a /tmp/ccWXMXH7.o
 .debug_macro   0x00001154       0x94 /tmp/ccWXMXH7.o
 .debug_macro   0x000011e8       0x3c /tmp/ccWXMXH7.o
 .debug_macro   0x00001224       0x34 /tmp/ccWXMXH7.o
 .debug_macro   0x00001258       0x16 /tmp/ccWXMXH7.o
 .debug_macro   0x0000126e       0x57 /tmp/ccWXMXH7.o
 .debug_macro   0x000012c5       0x9e /tmp/ccWXMXH7.o
 .debug_macro   0x00001363      0x364 /tmp/ccWXMXH7.o
 .debug_macro   0x000016c7      0x112 /tmp/ccWXMXH7.o
 .debug_macro   0x000017d9       0x10 /tmp/ccWXMXH7.o
 .debug_macro   0x000017e9       0x16 /tmp/ccWXMXH7.o
 .debug_macro   0x000017ff       0x4a /tmp/ccWXMXH7.o
 .debug_macro   0x00001849       0x34 /tmp/ccWXMXH7.o
 .debug_macro   0x0000187d       0x10 /tmp/ccWXMXH7.o
 .debug_macro   0x0000188d       0x58 /tmp/ccWXMXH7.o
 .debug_macro   0x000018e5      0x1de /tmp/ccWXMXH7.o
 .debug_macro   0x00001ac3       0x16 /tmp/ccWXMXH7.o
 .debug_macro   0x00001ad9       0x16 /tmp/ccWXMXH7.o
 .debug_macro   0x00001aef      0x170 /tmp/ccWXMXH7.o
 .debug_macro   0x00001c5f       0x10 /tmp/ccWXMXH7.o
 .debug_macro   0x00001c6f       0x6a /tmp/ccWXMXH7.o
 .debug_macro   0x00001cd9       0x1c /tmp/ccWXMXH7.o
 .debug_macro   0x00001cf5       0x52 /tmp/ccWXMXH7.o
 .debug_macro   0x00001d47       0x22 /tmp/ccWXMXH7.o
 .debug_macro   0x00001d69       0x10 /tmp/ccWXMXH7.o
 .debug_macro   0x00001d79       0x52 /tmp/ccWXMXH7.o
 .debug_macro   0x00001dcb       0xc1 /tmp/ccWXMXH7.o
 .debug_macro   0x00001e8c       0x1c /tmp/ccWXMXH7.o
 .debug_macro   0x00001ea8       0x3d /tmp/ccWXMXH7.o
 .debug_macro   0x00001ee5       0x1c /tmp/ccWXMXH7.o
 .debug_macro   0x00001f01       0x40 /tmp/ccWXMXH7.o
 .debug_macro   0x00001f41       0x22 /tmp/ccWXMXH7.o
 .debug_macro   0x00001f63       0x1c /tmp/ccWXMXH7.o
 .debug_macro   0x00001f7f      0x1da /tmp/ccBKnexY.o
 .debug_macro   0x00002159      0x229 /tmp/cc41wWK9.o
 .debug_macro   0x00002382      0x1d9 /tmp/ccWXStHt.o
 .debug_macro   0x0000255b      0x21f /tmp/ccKq7Lh0.o

.debug_line     0x00000000     0x1ef4
 .debug_line    0x00000000      0x744 /tmp/ccWXMXH7.o
 .debug_line    0x00000744       0x71 /tmp/cccB03Db.o
 .debug_line    0x000007b5      0x4a6 /tmp/ccBKnexY.o
 .debug_line    0x00000c5b      0x85a /tmp/cc41wWK9.o
 .debug_line    0x000014b5      0x491 /tmp/ccWXStHt.o
 .debug_line    0x00001946      0x5ae /tmp/ccKq7Lh0.o

.debug_str      0x00000000     0x925f
 .debug_str     0x00000000     0x925f /tmp/ccWXMXH7.o
                               0x8141 (size before relaxing)
 .debug_str     0x0000925f      0x4bf /tmp/cccB03Db.o
 .debug_str     0x0000925f     0x82b1 /tmp/ccBKnexY.o
 .debug_str     0x0000925f     0x8a2d /tmp/cc41wWK9.o
 .debug_str     0x0000925f     0x7ecf /tmp/ccWXStHt.o
 .debug_str     0x0000925f     0x85b8 /tmp/ccKq7Lh0.o

.comment        0x00000000       0x43
 .comment       0x00000000       0x43 /tmp/ccWXMXH7.o
                                 0x44 (size before relaxing)
 .comment       0x00000043       0x44 /tmp/ccBKnexY.o
 .comment       0x00000043       0x44 /tmp/cc41wWK9.o
 .comment       0x00000043       0x44 /tmp/ccWXStHt.o
 .comment       0x00000043       0x44 /tmp/ccKq7Lh0.o

.ARM.attributes
                0x00000000       0x32
 .ARM.attributes
                0x00000000       0x34 /tmp/ccWXMXH7.o
 .ARM.attributes
                0x00000034       0x21 /tmp/cccB03Db.o
 .ARM.attributes
                0x00000055       0x34 /tmp/ccBKnexY.o
 .ARM.attributes
                0x00000089       0x34 /tmp/cc41wWK9.o
 .ARM.attributes
                0x000000bd       0x34 /tmp/ccWXStHt.o
 .ARM.attributes
                0x000000f1       0x34 /tmp/ccKq7Lh0.o

.debug_frame    0x00000000      0x100
 .debug_frame   0x00000000       0x28 /tmp/ccWXMXH7.o
 .debug_frame   0x00000028       0x30 /tmp/ccBKnexY.o
 .debug_frame   0x00000058       0x48 /tmp/cc41wWK9.o
 .debug_frame   0x000000a0       0x30 /tmp/ccWXStHt.o
 .debug_frame   0x000000d0       0x30 /tmp/ccKq7Lh0.o

.debug_line_str
                0x00000000       0x41
 .debug_line_str
                0x00000000       0x41 /tmp/cccB03Db.o

.debug_loclists
                0x00000000      0x239
 .debug_loclists
                0x00000000       0xcd /tmp/ccBKnexY.o
 .debug_loclists
                0x000000cd       0x5e /tmp/cc41wWK9.o
 .debug_loclists
                0x0000012b       0x4e /tmp/ccWXStHt.o
 .debug_loclists
                0x00000179       0xc0 /tmp/ccKq7Lh0.o
